Microchip MPLAB XC8 Compiler V1.45 ()

Linker command line:

-W-3 --edf=C:\Program Files (x86)\Microchip\xc8\v1.45\dat\en_msgs.txt -cs \
  -h+dist/default/production\ourProject.X.production.sym \
  --cmf=dist/default/production\ourProject.X.production.cmf -z -Q18F4620 \
  -oC:\Users\OMDEH\AppData\Local\Temp\sg64.2 \
  -Mdist/default/production/ourProject.X.production.map -E1 -ver=XC8 \
  -ASTACK=0BBh-0f7fh -pstack=STACK -ACODE=0300h-0FFFFh -ACONST=0300h-0FFFFh \
  -ASMALLCONST=01000h-010FFhx240 -AMEDIUMCONST=01000h-0FFFFh \
  -ACOMRAM=01h-07Fh -AABS1=00h-0F7Fh -ABIGRAM=01h-0F7Fh \
  -ARAM=080h-0FFh,0100h-01FFhx14,0F00h-0F7Fh -ABANK0=080h-0FFh \
  -ABANK1=0100h-01FFh -ABANK2=0200h-02FFh -ABANK3=0300h-03FFh \
  -ABANK4=0400h-04FFh -ABANK5=0500h-05FFh -ABANK6=0600h-06FFh \
  -ABANK7=0700h-07FFh -ABANK8=0800h-08FFh -ABANK9=0900h-09FFh \
  -ABANK10=0A00h-0AFFh -ABANK11=0B00h-0BFFh -ABANK12=0C00h-0CFFh \
  -ABANK13=0D00h-0DFFh -ABANK14=0E00h-0EFFh -ABANK15=0F00h-0F7Fh \
  -ASFR=0F80h-0FFFh -preset_vec=0300h,intcode,intcodelo,powerup,init \
  -pramtop=01000h -psmallconst=SMALLCONST -pmediumconst=MEDIUMCONST \
  -pconst=CONST -AFARRAM=00h-00h -ACONFIG=0300000h-030000Dh -pconfig=CONFIG \
  -AIDLOC=0200000h-0200007h -pidloc=IDLOC -AEEDATA=0F00000h-0F003FFh \
  -peeprom_data=EEDATA \
  -prdata=COMRAM,nvrram=COMRAM,nvbit=COMRAM,rbss=COMRAM,rbit=COMRAM \
  -pfarbss=FARRAM,fardata=FARRAM,nvFARRAM=FARRAM \
  -pintsave_regs=BIGRAM,bigbss=BIGRAM,bigdata=BIGRAM -pbss=RAM \
  -pidata=CODE,irdata=CODE,ibigdata=CODE,ifardata=CODE -prparam=COMRAM \
  C:\Users\OMDEH\AppData\Local\Temp\sg64.obj \
  dist/default/production\ourProject.X.production.obj 

Object code version is 3.11

Machine type is 18F4620

Call graph: (short form)




                Name                               Link     Load   Length Selector   Space Scale
C:\Users\OMDEH\AppData\Local\Temp\sg64.obj
                init                                300      300        4      180       0
                idloc                            200000   200000        8   200000       0
                config                           300000   300000        E   300000       0
dist/default/production\ourProject.X.production.obj
                smallconst                         1000     1000       8E      800       0
                text44                             1B08     1B08       82      847       0
                text43                             21D4     21D4       26      847       0
                text42                             20C6     20C6       34      847       0
                text41                             1A7A     1A7A       8E      847       0
                text40                             1E14     1E14       56      847       0
                text39                             1DBE     1DBE       56      847       0
                text38                             2182     2182       2C      847       0
                text37                             22C0     22C0       1C      847       0
                text36                             1E6A     1E6A       52      847       0
                text35                             1D68     1D68       56      847       0
                text34                             230A     230A       14      847       0
                text33                             2346     2346        6      847       0
                text32                             22F4     22F4       16      847       0
                text31                             2264     2264       20      847       0
                text30                             18E0     18E0       F4      847       0
                text29                             19D4     19D4       A6      847       0
                text28                             1590     1590      1D4      847       0
                text27                             2128     2128       2E      847       0
                text26                             2242     2242       22      847       0
                text25                             1F04     1F04       48      847       0
                text24                             1FD2     1FD2       42      847       0
                text23                             1D12     1D12       56      847       0
                text22                             1CBC     1CBC       56      847       0
                text21                             2090     2090       36      847       0
                text20                             232E     232E       10      847       0
                text19                             221E     221E       24      847       0
                text18                             1B8A     1B8A       78      847       0
                text17                             2052     2052       3E      847       0
                text16                             2156     2156       2C      847       0
                text15                             1F90     1F90       42      847       0
                text14                             21AE     21AE       26      847       0
                text13                             22A2     22A2       1E      847       0
                text12                             139E     139E      1F2      847       0
                text11                             1764     1764      17C      847       0
                text10                             2284     2284       1E      847       0
                text9                              1F4C     1F4C       44      847       0
                text8                              231E     231E       10      847       0
                text7                              22DC     22DC       18      847       0
                text6                              20FA     20FA       2E      847       0
                text5                              1C02     1C02       64      847       0
                text4                              1C66     1C66       56      847       0
                text3                              233E     233E        8      847       0
                text2                              21FA     21FA       24      847       0
                text1                              2014     2014       3E      847       0
                text0                              108E     108E      310      847       0
                cstackCOMRAM                          1        1       51        1       1
                cstackBANK0                          80       80       35       80       1
                dataBANK0                            BA       BA        1       80       1
                bssBANK0                             B5       B5        5       80       1
                dataCOMRAM                           52       52        4        1       1
                cinit                              1EBC     1EBC       48      847       0
                idataBANK0                         2350     2350        1      847       0
                idataCOMRAM                        234C     234C        4      847       0

TOTAL           Name                               Link     Load   Length     Space
        CLASS   STACK          

        CLASS   CODE           
                init                                300      300        4         0
                text44                             1B08     1B08       82         0
                text43                             21D4     21D4       26         0
                text42                             20C6     20C6       34         0
                text41                             1A7A     1A7A       8E         0
                text40                             1E14     1E14       56         0
                text39                             1DBE     1DBE       56         0
                text38                             2182     2182       2C         0
                text37                             22C0     22C0       1C         0
                text36                             1E6A     1E6A       52         0
                text35                             1D68     1D68       56         0
                text34                             230A     230A       14         0
                text33                             2346     2346        6         0
                text32                             22F4     22F4       16         0
                text31                             2264     2264       20         0
                text30                             18E0     18E0       F4         0
                text29                             19D4     19D4       A6         0
                text28                             1590     1590      1D4         0
                text27                             2128     2128       2E         0
                text26                             2242     2242       22         0
                text25                             1F04     1F04       48         0
                text24                             1FD2     1FD2       42         0
                text23                             1D12     1D12       56         0
                text22                             1CBC     1CBC       56         0
                text21                             2090     2090       36         0
                text20                             232E     232E       10         0
                text19                             221E     221E       24         0
                text18                             1B8A     1B8A       78         0
                text17                             2052     2052       3E         0
                text16                             2156     2156       2C         0
                text15                             1F90     1F90       42         0
                text14                             21AE     21AE       26         0
                text13                             22A2     22A2       1E         0
                text12                             139E     139E      1F2         0
                text11                             1764     1764      17C         0
                text10                             2284     2284       1E         0
                text9                              1F4C     1F4C       44         0
                text8                              231E     231E       10         0
                text7                              22DC     22DC       18         0
                text6                              20FA     20FA       2E         0
                text5                              1C02     1C02       64         0
                text4                              1C66     1C66       56         0
                text3                              233E     233E        8         0
                text2                              21FA     21FA       24         0
                text1                              2014     2014       3E         0
                text0                              108E     108E      310         0
                cinit                              1EBC     1EBC       48         0
                idataBANK0                         2350     2350        1         0
                idataCOMRAM                        234C     234C        4         0

        CLASS   CONST          

        CLASS   SMALLCONST     
                smallconst                         1000     1000       8E         0

        CLASS   MEDIUMCONST    

        CLASS   COMRAM         
                cstackCOMRAM                          1        1       51         1
                dataCOMRAM                           52       52        4         1

        CLASS   ABS1           

        CLASS   BIGRAM         

        CLASS   RAM            

        CLASS   BANK0          
                cstackBANK0                          80       80       35         1
                dataBANK0                            BA       BA        1         1
                bssBANK0                             B5       B5        5         1

        CLASS   BANK1          

        CLASS   BANK2          

        CLASS   BANK3          

        CLASS   BANK4          

        CLASS   BANK5          

        CLASS   BANK6          

        CLASS   BANK7          

        CLASS   BANK8          

        CLASS   BANK9          

        CLASS   BANK10         

        CLASS   BANK11         

        CLASS   BANK12         

        CLASS   BANK13         

        CLASS   BANK14         

        CLASS   BANK15         

        CLASS   SFR            

        CLASS   FARRAM         

        CLASS   CONFIG         
                config                           300000   300000        E         0

        CLASS   IDLOC          
                idloc                            200000   200000        8         0

        CLASS   EEDATA         



SEGMENTS        Name                           Load    Length   Top    Selector   Space  Class

                cstackCOMRAM                   000001  000055  000056         1       1  COMRAM  
                cstackBANK0                    000080  00003B  0000BB        80       1  BANK0   
                reset_vec                      000300  000004  000304       180       0  CODE    
                smallconst                     001000  00008E  00108E       800       0  SMALLCON
                text0                          00108E  0012C3  002351       847       0  CODE    
                idloc                          200000  000008  200008    200000       0  IDLOC   
                config                         300000  00000E  30000E    300000       0  CONFIG  


UNUSED ADDRESS RANGES

        Name                Unused          Largest block    Delta
        BANK0            0000BB-0000FF               45
        BANK1            000100-0001FF              100
        BANK10           000A00-000AFF              100
        BANK11           000B00-000BFF              100
        BANK12           000C00-000CFF              100
        BANK13           000D00-000DFF              100
        BANK14           000E00-000EFF              100
        BANK15           000F00-000F7F               80
        BANK2            000200-0002FF              100
        BANK3            000300-0003FF              100
        BANK4            000400-0004FF              100
        BANK5            000500-0005FF              100
        BANK6            000600-0006FF              100
        BANK7            000700-0007FF              100
        BANK8            000800-0008FF              100
        BANK9            000900-0009FF              100
        BIGRAM           000056-00007F               2A
                         0000BB-000F7F              EC5
        CODE             000304-000FFF              CFC
                         002351-00FFFF             DCAF
        COMRAM           000056-00007F               2A
        CONST            000304-000FFF              CFC
                         002351-00FFFF             DCAF
        EEDATA           F00000-F003FF              400
        FARRAM           000000-000000                1
        MEDIUMCONST      002351-00FFFF             DCAF
        RAM              0000BB-000F7F              100
        SFR              000F80-000FFF               80
        SMALLCONST       002351-00FFFF              100
        STACK            0000BB-000F7F              EC5

                                  Symbol Table

?___lldiv                        cstackCOMRAM 00000D
?___lmul                         cstackCOMRAM 000001
?___lwdiv                        cstackCOMRAM 000001
?___lwmod                        cstackCOMRAM 000008
?___wmul                         cstackCOMRAM 000001
?_adc_average_raw                cstackCOMRAM 00001A
?_adc_raw_to_mv                  cstackCOMRAM 00001A
?_lm35_celsius_x10               cstackCOMRAM 00001A
?_readADC_raw                    cstackCOMRAM 000001
?_servo_angle_to_us              cstackCOMRAM 00001A
?_sprintf                        cstackCOMRAM 00000D
?_timer1_read_us                 cstackCOMRAM 000001
_ADC                             smallconst   001001
_ADCON0                          (abs)        000FC2
_ADCON0bits                      (abs)        000FC2
_ADCON1                          (abs)        000FC1
_ADCON2                          (abs)        000FC0
_ADCON2bits                      (abs)        000FC0
_ADRESH                          (abs)        000FC4
_ADRESL                          (abs)        000FC3
_BAUDCONbits                     (abs)        000FB8
_CMCON                           (abs)        000FB4
_CVRCON                          (abs)        000FB5
_Flags                           bssBANK0     0000B9
_INTCON                          (abs)        000FF2
_INTCON2                         (abs)        000FF1
_INTCON3                         (abs)        000FF0
_INTCON3bits                     (abs)        000FF0
_INTCONbits                      (abs)        000FF2
_IPR1                            (abs)        000F9F
_IPR2                            (abs)        000FA2
_LATA                            (abs)        000F89
_LATB                            (abs)        000F8A
_LATBbits                        (abs)        000F8A
_LATC                            (abs)        000F8B
_LATCbits                        (abs)        000F8B
_LATD                            (abs)        000F8C
_LATE                            (abs)        000F8D
_LCD_INIT_STRING                 dataCOMRAM   000052
_PIE1                            (abs)        000F9D
_PIE2                            (abs)        000FA0
_PIR1                            (abs)        000F9E
_PIR1bits                        (abs)        000F9E
_PIR2                            (abs)        000FA1
_PORTBbits                       (abs)        000F81
_PORTCbits                       (abs)        000F82
_RCONbits                        (abs)        000FD0
_RCREG                           (abs)        000FAE
_RCSTA                           (abs)        000FAB
_RCSTAbits                       (abs)        000FAB
_SPBRG                           (abs)        000FAF
_SPBRGH                          (abs)        000FB0
_ServoAngle                      bssBANK0     0000B7
_ServoDirection                  dataBANK0    0000BA
_T1CON                           (abs)        000FCD
_TMR1H                           (abs)        000FCF
_TMR1L                           (abs)        000FCE
_TRISA                           (abs)        000F92
_TRISB                           (abs)        000F93
_TRISC                           (abs)        000F94
_TRISD                           (abs)        000F95
_TRISE                           (abs)        000F96
_TXREG                           (abs)        000FAD
_TXSTA                           (abs)        000FAC
_TXSTAbits                       (abs)        000FAC
_TogglePart                      bssBANK0     0000B8
__CFG_BOREN$SBORDIS              (abs)        000000
__CFG_BORV$3                     (abs)        000000
__CFG_CCP2MX$PORTC               (abs)        000000
__CFG_CP0$OFF                    (abs)        000000
__CFG_CP1$OFF                    (abs)        000000
__CFG_CP2$OFF                    (abs)        000000
__CFG_CP3$OFF                    (abs)        000000
__CFG_CPB$OFF                    (abs)        000000
__CFG_CPD$OFF                    (abs)        000000
__CFG_EBTR0$OFF                  (abs)        000000
__CFG_EBTR1$OFF                  (abs)        000000
__CFG_EBTR2$OFF                  (abs)        000000
__CFG_EBTR3$OFF                  (abs)        000000
__CFG_EBTRB$OFF                  (abs)        000000
__CFG_FCMEN$OFF                  (abs)        000000
__CFG_IESO$OFF                   (abs)        000000
__CFG_LPT1OSC$OFF                (abs)        000000
__CFG_LVP$OFF                    (abs)        000000
__CFG_MCLRE$ON                   (abs)        000000
__CFG_OSC$XT                     (abs)        000000
__CFG_PBADEN$ON                  (abs)        000000
__CFG_PWRT$OFF                   (abs)        000000
__CFG_STVREN$ON                  (abs)        000000
__CFG_WDT$ON                     (abs)        000000
__CFG_WDTPS$32768                (abs)        000000
__CFG_WRT0$OFF                   (abs)        000000
__CFG_WRT1$OFF                   (abs)        000000
__CFG_WRT2$OFF                   (abs)        000000
__CFG_WRT3$OFF                   (abs)        000000
__CFG_WRTB$OFF                   (abs)        000000
__CFG_WRTC$OFF                   (abs)        000000
__CFG_WRTD$OFF                   (abs)        000000
__CFG_XINST$OFF                  (abs)        000000
__HRAM                           (abs)        000000
__Habs1                          abs1         000000
__Hbank0                         bank0        000000
__Hbank1                         bank1        000000
__Hbank10                        bank10       000000
__Hbank11                        bank11       000000
__Hbank12                        bank12       000000
__Hbank13                        bank13       000000
__Hbank14                        bank14       000000
__Hbank15                        bank15       000000
__Hbank2                         bank2        000000
__Hbank3                         bank3        000000
__Hbank4                         bank4        000000
__Hbank5                         bank5        000000
__Hbank6                         bank6        000000
__Hbank7                         bank7        000000
__Hbank8                         bank8        000000
__Hbank9                         bank9        000000
__Hbigbss                        bigbss       000000
__Hbigdata                       bigdata      000000
__Hbigram                        bigram       000000
__Hbss                           bss          000000
__HbssBANK0                      bssBANK0     000000
__Hcinit                         cinit        000000
__Hclrtext                       clrtext      000000
__Hcomram                        comram       000000
__Hconfig                        config       30000E
__Hconst                         const        000000
__HcstackBANK0                   cstackBANK0  000000
__HcstackCOMRAM                  cstackCOMRAM 000000
__Hdata                          data         000000
__HdataBANK0                     dataBANK0    000000
__HdataCOMRAM                    dataCOMRAM   000000
__Heeprom_data                   eeprom_data  000000
__Hfarbss                        farbss       000000
__Hfardata                       fardata      000000
__Hibigdata                      ibigdata     000000
__Hidata                         idata        000000
__HidataBANK0                    idataBANK0   000000
__HidataCOMRAM                   idataCOMRAM  000000
__Hidloc                         idloc        200008
__Hifardata                      ifardata     000000
__Hinit                          init         000304
__Hintcode                       intcode      000300
__Hintcode_body                  intcode_body 000000
__Hintcodelo                     intcodelo    000300
__Hintentry                      intentry     000000
__Hintret                        intret       000000
__Hintsave_regs                  intsave_regs 000000
__Hirdata                        irdata       000000
__Hmediumconst                   mediumconst  000000
__HnvFARRAM                      nvFARRAM     000000
__Hnvbit                         nvbit        000000
__Hnvrram                        nvrram       000000
__Hparam                         rparam       000000
__Hpowerup                       powerup      000300
__Hram                           ram          000000
__Hramtop                        ramtop       001000
__Hrbit                          rbit         000000
__Hrbss                          rbss         000000
__Hrdata                         rdata        000000
__Hreset_vec                     reset_vec    000300
__Hrparam                        rparam       000000
__Hsfr                           sfr          000000
__Hsmallconst                    smallconst   00108E
__Hspace_0                       (abs)        30000E
__Hspace_1                       (abs)        0000BB
__Hspace_2                       (abs)        000000
__Hstack                         stack        000000
__Hstruct                        struct       000000
__Htemp                          temp         000000
__Htext                          text         000000
__Htext0                         text0        000000
__Htext1                         text1        000000
__Htext10                        text10       000000
__Htext11                        text11       000000
__Htext12                        text12       000000
__Htext13                        text13       000000
__Htext14                        text14       000000
__Htext15                        text15       000000
__Htext16                        text16       000000
__Htext17                        text17       000000
__Htext18                        text18       000000
__Htext19                        text19       000000
__Htext2                         text2        000000
__Htext20                        text20       000000
__Htext21                        text21       000000
__Htext22                        text22       000000
__Htext23                        text23       000000
__Htext24                        text24       000000
__Htext25                        text25       000000
__Htext26                        text26       000000
__Htext27                        text27       000000
__Htext28                        text28       000000
__Htext29                        text29       000000
__Htext3                         text3        000000
__Htext30                        text30       000000
__Htext31                        text31       000000
__Htext32                        text32       000000
__Htext33                        text33       000000
__Htext34                        text34       000000
__Htext35                        text35       000000
__Htext36                        text36       000000
__Htext37                        text37       000000
__Htext38                        text38       000000
__Htext39                        text39       000000
__Htext4                         text4        000000
__Htext40                        text40       000000
__Htext41                        text41       000000
__Htext42                        text42       000000
__Htext43                        text43       000000
__Htext44                        text44       000000
__Htext5                         text5        000000
__Htext6                         text6        000000
__Htext7                         text7        000000
__Htext8                         text8        000000
__Htext9                         text9        000000
__LRAM                           (abs)        000001
__Labs1                          abs1         000000
__Lbank0                         bank0        000000
__Lbank1                         bank1        000000
__Lbank10                        bank10       000000
__Lbank11                        bank11       000000
__Lbank12                        bank12       000000
__Lbank13                        bank13       000000
__Lbank14                        bank14       000000
__Lbank15                        bank15       000000
__Lbank2                         bank2        000000
__Lbank3                         bank3        000000
__Lbank4                         bank4        000000
__Lbank5                         bank5        000000
__Lbank6                         bank6        000000
__Lbank7                         bank7        000000
__Lbank8                         bank8        000000
__Lbank9                         bank9        000000
__Lbigbss                        bigbss       000000
__Lbigdata                       bigdata      000000
__Lbigram                        bigram       000000
__Lbss                           bss          000000
__LbssBANK0                      bssBANK0     000000
__Lcinit                         cinit        000000
__Lclrtext                       clrtext      000000
__Lcomram                        comram       000000
__Lconfig                        config       300000
__Lconst                         const        000000
__LcstackBANK0                   cstackBANK0  000000
__LcstackCOMRAM                  cstackCOMRAM 000000
__Ldata                          data         000000
__LdataBANK0                     dataBANK0    000000
__LdataCOMRAM                    dataCOMRAM   000000
__Leeprom_data                   eeprom_data  000000
__Lfarbss                        farbss       000000
__Lfardata                       fardata      000000
__Libigdata                      ibigdata     000000
__Lidata                         idata        000000
__LidataBANK0                    idataBANK0   000000
__LidataCOMRAM                   idataCOMRAM  000000
__Lidloc                         idloc        200000
__Lifardata                      ifardata     000000
__Linit                          init         000300
__Lintcode                       intcode      000300
__Lintcode_body                  intcode_body 000000
__Lintcodelo                     intcodelo    000300
__Lintentry                      intentry     000000
__Lintret                        intret       000000
__Lintsave_regs                  intsave_regs 000000
__Lirdata                        irdata       000000
__Lmediumconst                   mediumconst  000000
__LnvFARRAM                      nvFARRAM     000000
__Lnvbit                         nvbit        000000
__Lnvrram                        nvrram       000000
__Lparam                         rparam       000000
__Lpowerup                       powerup      000300
__Lram                           ram          000000
__Lramtop                        ramtop       001000
__Lrbit                          rbit         000000
__Lrbss                          rbss         000000
__Lrdata                         rdata        000000
__Lreset_vec                     reset_vec    000300
__Lrparam                        rparam       000000
__Lsfr                           sfr          000000
__Lsmallconst                    smallconst   001000
__Lspace_0                       (abs)        000000
__Lspace_1                       (abs)        000000
__Lspace_2                       (abs)        000000
__Lstack                         stack        000000
__Lstruct                        struct       000000
__Ltemp                          temp         000000
__Ltext                          text         000000
__Ltext0                         text0        000000
__Ltext1                         text1        000000
__Ltext10                        text10       000000
__Ltext11                        text11       000000
__Ltext12                        text12       000000
__Ltext13                        text13       000000
__Ltext14                        text14       000000
__Ltext15                        text15       000000
__Ltext16                        text16       000000
__Ltext17                        text17       000000
__Ltext18                        text18       000000
__Ltext19                        text19       000000
__Ltext2                         text2        000000
__Ltext20                        text20       000000
__Ltext21                        text21       000000
__Ltext22                        text22       000000
__Ltext23                        text23       000000
__Ltext24                        text24       000000
__Ltext25                        text25       000000
__Ltext26                        text26       000000
__Ltext27                        text27       000000
__Ltext28                        text28       000000
__Ltext29                        text29       000000
__Ltext3                         text3        000000
__Ltext30                        text30       000000
__Ltext31                        text31       000000
__Ltext32                        text32       000000
__Ltext33                        text33       000000
__Ltext34                        text34       000000
__Ltext35                        text35       000000
__Ltext36                        text36       000000
__Ltext37                        text37       000000
__Ltext38                        text38       000000
__Ltext39                        text39       000000
__Ltext4                         text4        000000
__Ltext40                        text40       000000
__Ltext41                        text41       000000
__Ltext42                        text42       000000
__Ltext43                        text43       000000
__Ltext44                        text44       000000
__Ltext5                         text5        000000
__Ltext6                         text6        000000
__Ltext7                         text7        000000
__Ltext8                         text8        000000
__Ltext9                         text9        000000
__S0                             (abs)        30000E
__S1                             (abs)        0000BB
__S2                             (abs)        000000
___inthi_sp                      stack        000000
___intlo_sp                      stack        000000
___lldiv                         text44       001B08
___lldiv@counter                 cstackCOMRAM 000019
___lldiv@dividend                cstackCOMRAM 00000D
___lldiv@divisor                 cstackCOMRAM 000011
___lldiv@quotient                cstackCOMRAM 000015
___lmul                          text40       001E14
___lmul@multiplicand             cstackCOMRAM 000005
___lmul@multiplier               cstackCOMRAM 000001
___lmul@product                  cstackCOMRAM 000009
___lwdiv                         text36       001E6A
___lwdiv@counter                 cstackCOMRAM 000007
___lwdiv@dividend                cstackCOMRAM 000001
___lwdiv@divisor                 cstackCOMRAM 000003
___lwdiv@quotient                cstackCOMRAM 000005
___lwmod                         text15       001F90
___lwmod@counter                 cstackCOMRAM 00000C
___lwmod@dividend                cstackCOMRAM 000008
___lwmod@divisor                 cstackCOMRAM 00000A
___param_bank                    (abs)        000000
___rparam_used                   (abs)        000001
___sp                            stack        000000
___wmul                          text14       0021AE
___wmul@multiplicand             cstackCOMRAM 000003
___wmul@multiplier               cstackCOMRAM 000001
___wmul@product                  cstackCOMRAM 000005
__accesstop                      (abs)        000080
__activetblptr                   (abs)        000002
__end_of_ADC                     smallconst   00100E
__end_of___lldiv                 text44       001B8A
__end_of___lmul                  text40       001E6A
__end_of___lwdiv                 text36       001EBC
__end_of___lwmod                 text15       001FD2
__end_of___wmul                  text14       0021D4
__end_of__initialization         cinit        001EFA
__end_of_adc_average_raw         text41       001B08
__end_of_adc_raw_to_mv           text39       001E14
__end_of_buzzer_beep             text38       0021AE
__end_of_delay_cycles            text27       002156
__end_of_delay_ms                text43       0021FA
__end_of_delay_ms_var            text37       0022DC
__end_of_delay_us_var            text35       001DBE
__end_of_dpowers                 smallconst   001018
__end_of_execute_part2_radar     text11       0018E0
__end_of_hcsr04_read_filtered    text28       001764
__end_of_hcsr04_read_once        text30       0019D4
__end_of_initADC                 text10       0022A2
__end_of_initPorts               text9        001F90
__end_of_initTimer1              text8        00232E
__end_of_is_byte_available       text7        0022F4
__end_of_isdigit                 text13       0022C0
__end_of_lcd_clear_line          text6        002128
__end_of_lcd_gotoxy              text24       002014
__end_of_lcd_init                text5        001C66
__end_of_lcd_putc                text23       001D68
__end_of_lcd_puts                text22       001D12
__end_of_lcd_send_byte           text25       001F4C
__end_of_lcd_send_nibble         text26       002264
__end_of_lm35_celsius_x10        text4        001CBC
__end_of_main                    text0        00139E
__end_of_radar_next_angle        text21       0020C6
__end_of_readADC_raw             text42       0020FA
__end_of_read_byte_no_lib        text3        002346
__end_of_send_byte_no_lib        text20       00233E
__end_of_send_string_no_lib      text19       002242
__end_of_servo_angle_to_us       text18       001C02
__end_of_servo_pulse_us          text17       002090
__end_of_servo_set_angle         text16       002182
__end_of_setupSerial             text2        00221E
__end_of_sort_samples            text29       001A7A
__end_of_soundBuzzer             text1        002052
__end_of_sprintf                 text12       001590
__end_of_timer1_read_us          text32       00230A
__end_of_timer1_start_us         text34       00231E
__end_of_timer1_stop             text33       00234C
__end_of_timer1_timeout          text31       002284
__initialization                 cinit        001EBC
__mediumconst                    mediumconst  000000
__pbssBANK0                      bssBANK0     0000B5
__pcinit                         cinit        001EBC
__pcstackBANK0                   cstackBANK0  000080
__pcstackCOMRAM                  cstackCOMRAM 000001
__pdataBANK0                     dataBANK0    0000BA
__pdataCOMRAM                    dataCOMRAM   000052
__pidataBANK0                    idataBANK0   002350
__pidataCOMRAM                   idataCOMRAM  00234C
__psmallconst                    smallconst   001000
__ptext0                         text0        00108E
__ptext1                         text1        002014
__ptext10                        text10       002284
__ptext11                        text11       001764
__ptext12                        text12       00139E
__ptext13                        text13       0022A2
__ptext14                        text14       0021AE
__ptext15                        text15       001F90
__ptext16                        text16       002156
__ptext17                        text17       002052
__ptext18                        text18       001B8A
__ptext19                        text19       00221E
__ptext2                         text2        0021FA
__ptext20                        text20       00232E
__ptext21                        text21       002090
__ptext22                        text22       001CBC
__ptext23                        text23       001D12
__ptext24                        text24       001FD2
__ptext25                        text25       001F04
__ptext26                        text26       002242
__ptext27                        text27       002128
__ptext28                        text28       001590
__ptext29                        text29       0019D4
__ptext3                         text3        00233E
__ptext30                        text30       0018E0
__ptext31                        text31       002264
__ptext32                        text32       0022F4
__ptext33                        text33       002346
__ptext34                        text34       00230A
__ptext35                        text35       001D68
__ptext36                        text36       001E6A
__ptext37                        text37       0022C0
__ptext38                        text38       002182
__ptext39                        text39       001DBE
__ptext4                         text4        001C66
__ptext40                        text40       001E14
__ptext41                        text41       001A7A
__ptext42                        text42       0020C6
__ptext43                        text43       0021D4
__ptext44                        text44       001B08
__ptext5                         text5        001C02
__ptext6                         text6        0020FA
__ptext7                         text7        0022DC
__ptext8                         text8        00231E
__ptext9                         text9        001F4C
__ramtop                         ramtop       001000
__size_of___lldiv                (abs)        000000
__size_of___lmul                 (abs)        000000
__size_of___lwdiv                (abs)        000000
__size_of___lwmod                (abs)        000000
__size_of___wmul                 (abs)        000000
__size_of_adc_average_raw        (abs)        000000
__size_of_adc_raw_to_mv          (abs)        000000
__size_of_buzzer_beep            (abs)        000000
__size_of_delay_cycles           (abs)        000000
__size_of_delay_ms               (abs)        000000
__size_of_delay_ms_var           (abs)        000000
__size_of_delay_us_var           (abs)        000000
__size_of_execute_part2_radar    (abs)        000000
__size_of_hcsr04_read_filtered   (abs)        000000
__size_of_hcsr04_read_once       (abs)        000000
__size_of_initADC                (abs)        000000
__size_of_initPorts              (abs)        000000
__size_of_initTimer1             (abs)        000000
__size_of_is_byte_available      (abs)        000000
__size_of_isdigit                (abs)        000000
__size_of_lcd_clear_line         (abs)        000000
__size_of_lcd_gotoxy             (abs)        000000
__size_of_lcd_init               (abs)        000000
__size_of_lcd_putc               (abs)        000000
__size_of_lcd_puts               (abs)        000000
__size_of_lcd_send_byte          (abs)        000000
__size_of_lcd_send_nibble        (abs)        000000
__size_of_lm35_celsius_x10       (abs)        000000
__size_of_main                   (abs)        000000
__size_of_radar_next_angle       (abs)        000000
__size_of_readADC_raw            (abs)        000000
__size_of_read_byte_no_lib       (abs)        000000
__size_of_send_byte_no_lib       (abs)        000000
__size_of_send_string_no_lib     (abs)        000000
__size_of_servo_angle_to_us      (abs)        000000
__size_of_servo_pulse_us         (abs)        000000
__size_of_servo_set_angle        (abs)        000000
__size_of_setupSerial            (abs)        000000
__size_of_sort_samples           (abs)        000000
__size_of_soundBuzzer            (abs)        000000
__size_of_sprintf                (abs)        000000
__size_of_timer1_read_us         (abs)        000000
__size_of_timer1_start_us        (abs)        000000
__size_of_timer1_stop            (abs)        000000
__size_of_timer1_timeout         (abs)        000000
__smallconst                     smallconst   001000
_adc_average_raw                 text41       001A7A
_adc_raw_to_mv                   text39       001DBE
_buzzer_beep                     text38       002182
_counter                         bssBANK0     0000B5
_delay_cycles                    text27       002128
_delay_ms                        text43       0021D4
_delay_ms_var                    text37       0022C0
_delay_us_var                    text35       001D68
_dpowers                         smallconst   00100E
_execute_part2_radar             text11       001764
_hcsr04_read_filtered            text28       001590
_hcsr04_read_once                text30       0018E0
_initADC                         text10       002284
_initPorts                       text9        001F4C
_initTimer1                      text8        00231E
_is_byte_available               text7        0022DC
_isdigit                         text13       0022A2
_isdigit$1399                    cstackCOMRAM 000002
_lcd                             (abs)        000F83
_lcd_clear_line                  text6        0020FA
_lcd_gotoxy                      text24       001FD2
_lcd_init                        text5        001C02
_lcd_putc                        text23       001D12
_lcd_puts                        text22       001CBC
_lcd_send_byte                   text25       001F04
_lcd_send_nibble                 text26       002242
_lm35_celsius_x10                text4        001C66
_main                            text0        00108E
_main$1795                       cstackBANK0  0000A6
_main$1796                       cstackBANK0  0000A8
_main$1797                       cstackBANK0  0000AA
_main$1798                       cstackBANK0  0000AC
_radar_next_angle                text21       002090
_readADC_raw                     text42       0020C6
_read_byte_no_lib                text3        00233E
_send_byte_no_lib                text20       00232E
_send_string_no_lib              text19       00221E
_servo_angle_to_us               text18       001B8A
_servo_pulse_us                  text17       002052
_servo_set_angle                 text16       002156
_setupSerial                     text2        0021FA
_sort_samples                    text29       0019D4
_soundBuzzer                     text1        002014
_sprintf                         text12       00139E
_timer1_read_us                  text32       0022F4
_timer1_start_us                 text34       00230A
_timer1_stop                     text33       002346
_timer1_timeout                  text31       002264
adc_average_raw@channel          cstackCOMRAM 000022
adc_average_raw@i                cstackCOMRAM 000021
adc_average_raw@samples          cstackCOMRAM 00001A
adc_average_raw@sum              cstackCOMRAM 00001D
adc_raw_to_mv@raw_value          cstackCOMRAM 00001A
buzzer_beep@cycles               cstackCOMRAM 000001
buzzer_beep@i                    cstackCOMRAM 000002
delay_cycles@n                   cstackCOMRAM 000004
delay_cycles@x                   cstackCOMRAM 000005
delay_ms@n                       cstackCOMRAM 000001
delay_ms@x                       cstackCOMRAM 000003
delay_ms_var@ms                  cstackCOMRAM 000001
delay_us_var@us                  cstackCOMRAM 000001
end_of_initialization            cinit        001EFA
execute_part2_radar@Buffer       cstackCOMRAM 00003E
execute_part2_radar@SerialBuffer cstackCOMRAM 000026
execute_part2_radar@angle_now    cstackCOMRAM 000051
execute_part2_radar@distance_cm  cstackCOMRAM 00004F
hcsr04_read_filtered@distance_cm cstackCOMRAM 00000F
hcsr04_read_filtered@i           cstackCOMRAM 00001B
hcsr04_read_filtered@lower_delta cstackCOMRAM 000015
hcsr04_read_filtered@reading     cstackCOMRAM 000019
hcsr04_read_filtered@samples     cstackCOMRAM 00001D
hcsr04_read_filtered@upper_delta cstackCOMRAM 000017
hcsr04_read_filtered@valid       cstackCOMRAM 00001C
hcsr04_read_once@cm              cstackCOMRAM 00000D
hcsr04_read_once@distance_cm     cstackCOMRAM 000009
hcsr04_read_once@pulse_us        cstackCOMRAM 00000B
intlevel0                        text         000000
intlevel1                        text         000000
intlevel2                        text         000000
intlevel3                        text         000000
isdigit@c                        cstackCOMRAM 000003
lcd_clear_line@i                 cstackCOMRAM 000010
lcd_clear_line@row               cstackCOMRAM 00000F
lcd_gotoxy@address               cstackCOMRAM 00000D
lcd_gotoxy@x                     cstackCOMRAM 00000C
lcd_gotoxy@y                     cstackCOMRAM 00000B
lcd_init@i                       cstackCOMRAM 00000B
lcd_putc@c                       cstackCOMRAM 00000E
lcd_puts@s                       cstackCOMRAM 00000F
lcd_send_byte@cm_data            cstackCOMRAM 00000A
lcd_send_byte@n                  cstackCOMRAM 000009
lcd_send_nibble@n                cstackCOMRAM 000008
lm35_celsius_x10@raw_value       cstackCOMRAM 00001A
main@Buffer                      cstackBANK0  000080
main@pot_raw                     cstackBANK0  0000A2
main@receivedMsg                 cstackBANK0  0000B4
main@temp_raw                    cstackBANK0  0000A0
main@temp_x10                    cstackBANK0  0000AE
main@update_timer                cstackBANK0  0000B2
main@volt_mv                     cstackBANK0  0000A4
main@volt_x10                    cstackBANK0  0000B0
readADC_raw@channel              cstackCOMRAM 000007
readADC_raw@raw_value            cstackCOMRAM 000005
read_byte_no_lib@c               cstackCOMRAM 000001
send_byte_no_lib@c               cstackCOMRAM 000001
send_string_no_lib@p             cstackCOMRAM 000002
servo_angle_to_us@angle          cstackCOMRAM 000020
servo_angle_to_us@pulse_us       cstackCOMRAM 00001C
servo_pulse_us@pulse_us          cstackCOMRAM 000003
servo_set_angle@angle            cstackCOMRAM 000023
servo_set_angle@i                cstackCOMRAM 000024
servo_set_angle@pulse_us         cstackCOMRAM 000021
setupSerial@dummy                cstackCOMRAM 000001
sort_samples@count               cstackCOMRAM 000003
sort_samples@i                   cstackCOMRAM 00000B
sort_samples@j                   cstackCOMRAM 00000A
sort_samples@samples             cstackCOMRAM 000001
sort_samples@temp                cstackCOMRAM 000008
soundBuzzer@i                    cstackCOMRAM 000005
sprintf@ap                       cstackCOMRAM 00001E
sprintf@c                        cstackCOMRAM 000025
sprintf@f                        cstackCOMRAM 00000F
sprintf@flag                     cstackCOMRAM 00001D
sprintf@prec                     cstackCOMRAM 000022
sprintf@sp                       cstackCOMRAM 00000D
sprintf@val                      cstackCOMRAM 000020
sprintf@width                    cstackCOMRAM 000023
stackhi                          (abs)        000F7F
stacklo                          (abs)        0000BB
start                            init         000300
start_initialization             cinit        001EBC
timer1_read_us@high_byte         cstackCOMRAM 000006
timer1_read_us@low_byte          cstackCOMRAM 000005
timer1_timeout@timeout_us        cstackCOMRAM 000007


FUNCTION INFORMATION:

 *************** function _main *****************
 Defined at:
		line 151 in file "ourProject.c"
 Parameters:    Size  Location     Type
		None
 Auto vars:     Size  Location     Type
  Buffer         32    0[BANK0 ] unsigned char [32]
  update_timer    2   50[BANK0 ] int 
  volt_x10        2   48[BANK0 ] unsigned int 
  temp_x10        2   46[BANK0 ] unsigned int 
  volt_mv         2   36[BANK0 ] unsigned int 
  pot_raw         2   34[BANK0 ] unsigned int 
  temp_raw        2   32[BANK0 ] unsigned int 
  receivedMsg     1   52[BANK0 ] unsigned char 
 Return value:  Size  Location     Type
                  1    wreg      void 
 Registers used:
		wreg, fsr0l, fsr0h, fsr1l, fsr1h, fsr2l, fsr2h, status,2, status,0, tblptrl, tblptrh, tblptru, prodl, prodh, cstack
 Tracked objects:
		On entry : 
		On exit  : 
		Unchanged: 
 Data sizes:     COMRAM   BANK0   BANK1   BANK2   BANK3   BANK4   BANK5   BANK6   BANK7   BANK8   BANK9  BANK10  BANK11  BANK12  BANK13  BANK14  BANK15
      Params:         0       0       0       0       0       0       0       0       0       0       0       0       0       0       0       0       0
      Locals:         0      53       0       0       0       0       0       0       0       0       0       0       0       0       0       0       0
      Temps:          0       0       0       0       0       0       0       0       0       0       0       0       0       0       0       0       0
      Totals:         0      53       0       0       0       0       0       0       0       0       0       0       0       0       0       0       0
Total ram usage:       53 bytes
 Hardware stack levels required when called:    7
 This function calls:
		___lwdiv
		___lwmod
		_adc_average_raw
		_adc_raw_to_mv
		_delay_ms
		_execute_part2_radar
		_initADC
		_initPorts
		_initTimer1
		_is_byte_available
		_lcd_clear_line
		_lcd_gotoxy
		_lcd_init
		_lcd_putc
		_lcd_puts
		_lm35_celsius_x10
		_read_byte_no_lib
		_send_byte_no_lib
		_servo_set_angle
		_setupSerial
		_soundBuzzer
		_sprintf
 This function is called by:
		Startup code after reset
 This function uses a non-reentrant model


 *************** function _soundBuzzer *****************
 Defined at:
		line 130 in file "ourProject.c"
 Parameters:    Size  Location     Type
		None
 Auto vars:     Size  Location     Type
  i               2    4[COMRAM] int 
 Return value:  Size  Location     Type
                  1    wreg      void 
 Registers used:
		wreg, status,2, status,0, cstack
 Tracked objects:
		On entry : 
		On exit  : 
		Unchanged: 
 Data sizes:     COMRAM   BANK0   BANK1   BANK2   BANK3   BANK4   BANK5   BANK6   BANK7   BANK8   BANK9  BANK10  BANK11  BANK12  BANK13  BANK14  BANK15
      Params:         0       0       0       0       0       0       0       0       0       0       0       0       0       0       0       0       0
      Locals:         2       0       0       0       0       0       0       0       0       0       0       0       0       0       0       0       0
      Temps:          0       0       0       0       0       0       0       0       0       0       0       0       0       0       0       0       0
      Totals:         2       0       0       0       0       0       0       0       0       0       0       0       0       0       0       0       0
Total ram usage:        2 bytes
 Hardware stack levels used:    1
 Hardware stack levels required when called:    1
 This function calls:
		_delay_ms
 This function is called by:
		_main
 This function uses a non-reentrant model


 *************** function _setupSerial *****************
 Defined at:
		line 3 in file "my_ser.c"
 Parameters:    Size  Location     Type
		None
 Auto vars:     Size  Location     Type
  dummy           1    0[COMRAM] unsigned char 
 Return value:  Size  Location     Type
                  1    wreg      void 
 Registers used:
		wreg, status,2
 Tracked objects:
		On entry : 
		On exit  : 
		Unchanged: 
 Data sizes:     COMRAM   BANK0   BANK1   BANK2   BANK3   BANK4   BANK5   BANK6   BANK7   BANK8   BANK9  BANK10  BANK11  BANK12  BANK13  BANK14  BANK15
      Params:         0       0       0       0       0       0       0       0       0       0       0       0       0       0       0       0       0
      Locals:         1       0       0       0       0       0       0       0       0       0       0       0       0       0       0       0       0
      Temps:          0       0       0       0       0       0       0       0       0       0       0       0       0       0       0       0       0
      Totals:         1       0       0       0       0       0       0       0       0       0       0       0       0       0       0       0       0
Total ram usage:        1 bytes
 Hardware stack levels used:    1
 This function calls:
		Nothing
 This function is called by:
		_main
 This function uses a non-reentrant model


 *************** function _read_byte_no_lib *****************
 Defined at:
		line 33 in file "my_ser.c"
 Parameters:    Size  Location     Type
		None
 Auto vars:     Size  Location     Type
  c               1    0[COMRAM] unsigned char 
 Return value:  Size  Location     Type
                  1    wreg      unsigned char 
 Registers used:
		wreg, status,2
 Tracked objects:
		On entry : 
		On exit  : 
		Unchanged: 
 Data sizes:     COMRAM   BANK0   BANK1   BANK2   BANK3   BANK4   BANK5   BANK6   BANK7   BANK8   BANK9  BANK10  BANK11  BANK12  BANK13  BANK14  BANK15
      Params:         0       0       0       0       0       0       0       0       0       0       0       0       0       0       0       0       0
      Locals:         1       0       0       0       0       0       0       0       0       0       0       0       0       0       0       0       0
      Temps:          0       0       0       0       0       0       0       0       0       0       0       0       0       0       0       0       0
      Totals:         1       0       0       0       0       0       0       0       0       0       0       0       0       0       0       0       0
Total ram usage:        1 bytes
 Hardware stack levels used:    1
 This function calls:
		Nothing
 This function is called by:
		_main
 This function uses a non-reentrant model


 *************** function _lm35_celsius_x10 *****************
 Defined at:
		line 375 in file "ourProject.c"
 Parameters:    Size  Location     Type
  raw_value       2   25[COMRAM] unsigned int 
 Auto vars:     Size  Location     Type
		None
 Return value:  Size  Location     Type
                  2   25[COMRAM] unsigned int 
 Registers used:
		wreg, status,2, status,0, cstack
 Tracked objects:
		On entry : 
		On exit  : 
		Unchanged: 
 Data sizes:     COMRAM   BANK0   BANK1   BANK2   BANK3   BANK4   BANK5   BANK6   BANK7   BANK8   BANK9  BANK10  BANK11  BANK12  BANK13  BANK14  BANK15
      Params:         2       0       0       0       0       0       0       0       0       0       0       0       0       0       0       0       0
      Locals:         0       0       0       0       0       0       0       0       0       0       0       0       0       0       0       0       0
      Temps:          0       0       0       0       0       0       0       0       0       0       0       0       0       0       0       0       0
      Totals:         2       0       0       0       0       0       0       0       0       0       0       0       0       0       0       0       0
Total ram usage:        2 bytes
 Hardware stack levels used:    1
 Hardware stack levels required when called:    1
 This function calls:
		___lldiv
		___lmul
 This function is called by:
		_main
 This function uses a non-reentrant model


 *************** function _lcd_init *****************
 Defined at:
		line 56 in file "lcd_x8.c"
 Parameters:    Size  Location     Type
		None
 Auto vars:     Size  Location     Type
  i               1   10[COMRAM] unsigned char 
 Return value:  Size  Location     Type
                  1    wreg      void 
 Registers used:
		wreg, fsr2l, fsr2h, status,2, status,0, prodl, prodh, cstack
 Tracked objects:
		On entry : 
		On exit  : 
		Unchanged: 
 Data sizes:     COMRAM   BANK0   BANK1   BANK2   BANK3   BANK4   BANK5   BANK6   BANK7   BANK8   BANK9  BANK10  BANK11  BANK12  BANK13  BANK14  BANK15
      Params:         0       0       0       0       0       0       0       0       0       0       0       0       0       0       0       0       0
      Locals:         1       0       0       0       0       0       0       0       0       0       0       0       0       0       0       0       0
      Temps:          0       0       0       0       0       0       0       0       0       0       0       0       0       0       0       0       0
      Totals:         1       0       0       0       0       0       0       0       0       0       0       0       0       0       0       0       0
Total ram usage:        1 bytes
 Hardware stack levels used:    1
 Hardware stack levels required when called:    3
 This function calls:
		_delay_ms
		_lcd_send_byte
		_lcd_send_nibble
 This function is called by:
		_main
 This function uses a non-reentrant model


 *************** function _lcd_clear_line *****************
 Defined at:
		line 141 in file "ourProject.c"
 Parameters:    Size  Location     Type
  row             1    wreg     unsigned char 
 Auto vars:     Size  Location     Type
  row             1   14[COMRAM] unsigned char 
  i               1   15[COMRAM] unsigned char 
 Return value:  Size  Location     Type
                  1    wreg      void 
 Registers used:
		wreg, status,2, status,0, cstack
 Tracked objects:
		On entry : 
		On exit  : 
		Unchanged: 
 Data sizes:     COMRAM   BANK0   BANK1   BANK2   BANK3   BANK4   BANK5   BANK6   BANK7   BANK8   BANK9  BANK10  BANK11  BANK12  BANK13  BANK14  BANK15
      Params:         0       0       0       0       0       0       0       0       0       0       0       0       0       0       0       0       0
      Locals:         2       0       0       0       0       0       0       0       0       0       0       0       0       0       0       0       0
      Temps:          0       0       0       0       0       0       0       0       0       0       0       0       0       0       0       0       0
      Totals:         2       0       0       0       0       0       0       0       0       0       0       0       0       0       0       0       0
Total ram usage:        2 bytes
 Hardware stack levels used:    1
 Hardware stack levels required when called:    5
 This function calls:
		_lcd_gotoxy
		_lcd_putc
 This function is called by:
		_main
 This function uses a non-reentrant model


 *************** function _is_byte_available *****************
 Defined at:
		line 21 in file "my_ser.c"
 Parameters:    Size  Location     Type
		None
 Auto vars:     Size  Location     Type
		None
 Return value:  Size  Location     Type
                  1    wreg      unsigned char 
 Registers used:
		wreg
 Tracked objects:
		On entry : 
		On exit  : 
		Unchanged: 
 Data sizes:     COMRAM   BANK0   BANK1   BANK2   BANK3   BANK4   BANK5   BANK6   BANK7   BANK8   BANK9  BANK10  BANK11  BANK12  BANK13  BANK14  BANK15
      Params:         0       0       0       0       0       0       0       0       0       0       0       0       0       0       0       0       0
      Locals:         0       0       0       0       0       0       0       0       0       0       0       0       0       0       0       0       0
      Temps:          0       0       0       0       0       0       0       0       0       0       0       0       0       0       0       0       0
      Totals:         0       0       0       0       0       0       0       0       0       0       0       0       0       0       0       0       0
Total ram usage:        0 bytes
 Hardware stack levels used:    1
 This function calls:
		Nothing
 This function is called by:
		_main
 This function uses a non-reentrant model


 *************** function _initTimer1 *****************
 Defined at:
		line 284 in file "ourProject.c"
 Parameters:    Size  Location     Type
		None
 Auto vars:     Size  Location     Type
		None
 Return value:  Size  Location     Type
                  1    wreg      void 
 Registers used:
		wreg, status,2
 Tracked objects:
		On entry : 
		On exit  : 
		Unchanged: 
 Data sizes:     COMRAM   BANK0   BANK1   BANK2   BANK3   BANK4   BANK5   BANK6   BANK7   BANK8   BANK9  BANK10  BANK11  BANK12  BANK13  BANK14  BANK15
      Params:         0       0       0       0       0       0       0       0       0       0       0       0       0       0       0       0       0
      Locals:         0       0       0       0       0       0       0       0       0       0       0       0       0       0       0       0       0
      Temps:          0       0       0       0       0       0       0       0       0       0       0       0       0       0       0       0       0
      Totals:         0       0       0       0       0       0       0       0       0       0       0       0       0       0       0       0       0
Total ram usage:        0 bytes
 Hardware stack levels used:    1
 This function calls:
		Nothing
 This function is called by:
		_main
 This function uses a non-reentrant model


 *************** function _initPorts *****************
 Defined at:
		line 618 in file "ourProject.c"
 Parameters:    Size  Location     Type
		None
 Auto vars:     Size  Location     Type
		None
 Return value:  Size  Location     Type
                  1    wreg      void 
 Registers used:
		wreg, status,2
 Tracked objects:
		On entry : 
		On exit  : 
		Unchanged: 
 Data sizes:     COMRAM   BANK0   BANK1   BANK2   BANK3   BANK4   BANK5   BANK6   BANK7   BANK8   BANK9  BANK10  BANK11  BANK12  BANK13  BANK14  BANK15
      Params:         0       0       0       0       0       0       0       0       0       0       0       0       0       0       0       0       0
      Locals:         0       0       0       0       0       0       0       0       0       0       0       0       0       0       0       0       0
      Temps:          0       0       0       0       0       0       0       0       0       0       0       0       0       0       0       0       0
      Totals:         0       0       0       0       0       0       0       0       0       0       0       0       0       0       0       0       0
Total ram usage:        0 bytes
 Hardware stack levels used:    1
 This function calls:
		Nothing
 This function is called by:
		_main
 This function uses a non-reentrant model


 *************** function _initADC *****************
 Defined at:
		line 3 in file "my_adc.c"
 Parameters:    Size  Location     Type
		None
 Auto vars:     Size  Location     Type
		None
 Return value:  Size  Location     Type
                  1    wreg      void 
 Registers used:
		wreg, status,2
 Tracked objects:
		On entry : 
		On exit  : 
		Unchanged: 
 Data sizes:     COMRAM   BANK0   BANK1   BANK2   BANK3   BANK4   BANK5   BANK6   BANK7   BANK8   BANK9  BANK10  BANK11  BANK12  BANK13  BANK14  BANK15
      Params:         0       0       0       0       0       0       0       0       0       0       0       0       0       0       0       0       0
      Locals:         0       0       0       0       0       0       0       0       0       0       0       0       0       0       0       0       0
      Temps:          0       0       0       0       0       0       0       0       0       0       0       0       0       0       0       0       0
      Totals:         0       0       0       0       0       0       0       0       0       0       0       0       0       0       0       0       0
Total ram usage:        0 bytes
 Hardware stack levels used:    1
 This function calls:
		Nothing
 This function is called by:
		_main
 This function uses a non-reentrant model


 *************** function _execute_part2_radar *****************
 Defined at:
		line 569 in file "ourProject.c"
 Parameters:    Size  Location     Type
		None
 Auto vars:     Size  Location     Type
  SerialBuffer   24   37[COMRAM] unsigned char [24]
  Buffer         17   61[COMRAM] unsigned char [17]
  distance_cm     2   78[COMRAM] unsigned int 
  angle_now       1   80[COMRAM] unsigned char 
 Return value:  Size  Location     Type
                  1    wreg      void 
 Registers used:
		wreg, fsr0l, fsr0h, fsr1l, fsr1h, fsr2l, fsr2h, status,2, status,0, tblptrl, tblptrh, tblptru, prodl, prodh, cstack
 Tracked objects:
		On entry : 
		On exit  : 
		Unchanged: 
 Data sizes:     COMRAM   BANK0   BANK1   BANK2   BANK3   BANK4   BANK5   BANK6   BANK7   BANK8   BANK9  BANK10  BANK11  BANK12  BANK13  BANK14  BANK15
      Params:         0       0       0       0       0       0       0       0       0       0       0       0       0       0       0       0       0
      Locals:        44       0       0       0       0       0       0       0       0       0       0       0       0       0       0       0       0
      Temps:          0       0       0       0       0       0       0       0       0       0       0       0       0       0       0       0       0
      Totals:        44       0       0       0       0       0       0       0       0       0       0       0       0       0       0       0       0
Total ram usage:       44 bytes
 Hardware stack levels used:    1
 Hardware stack levels required when called:    6
 This function calls:
		_buzzer_beep
		_delay_ms_var
		_hcsr04_read_filtered
		_lcd_gotoxy
		_lcd_puts
		_radar_next_angle
		_send_string_no_lib
		_servo_set_angle
		_sprintf
 This function is called by:
		_main
 This function uses a non-reentrant model


 *************** function _sprintf *****************
 Defined at:
		line 492 in file "C:\Program Files (x86)\Microchip\xc8\v1.45\sources\common\doprnt.c"
 Parameters:    Size  Location     Type
  sp              2   12[COMRAM] PTR unsigned char 
		 -> execute_part2_radar@Buffer(17), execute_part2_radar@SerialBuffer(24), main@Buffer(32), 
  f               2   14[COMRAM] PTR const unsigned char 
		 -> STR_9(7), STR_8(17), STR_5(8), STR_4(17), 
		 -> STR_3(10), STR_2(20), 
 Auto vars:     Size  Location     Type
  tmpval          4    0        struct .
  cp              3    0        PTR const unsigned char 
  width           2   34[COMRAM] int 
  val             2   31[COMRAM] unsigned int 
  ap              2   29[COMRAM] PTR void [1]
		 -> ?_sprintf(2), 
  len             2    0        unsigned int 
  c               1   36[COMRAM] char 
  prec            1   33[COMRAM] char 
  flag            1   28[COMRAM] unsigned char 
 Return value:  Size  Location     Type
                  2   12[COMRAM] int 
 Registers used:
		wreg, fsr2l, fsr2h, status,2, status,0, tblptrl, tblptrh, tblptru, prodl, prodh, cstack
 Tracked objects:
		On entry : 
		On exit  : 
		Unchanged: 
 Data sizes:     COMRAM   BANK0   BANK1   BANK2   BANK3   BANK4   BANK5   BANK6   BANK7   BANK8   BANK9  BANK10  BANK11  BANK12  BANK13  BANK14  BANK15
      Params:        12       0       0       0       0       0       0       0       0       0       0       0       0       0       0       0       0
      Locals:         9       0       0       0       0       0       0       0       0       0       0       0       0       0       0       0       0
      Temps:          4       0       0       0       0       0       0       0       0       0       0       0       0       0       0       0       0
      Totals:        25       0       0       0       0       0       0       0       0       0       0       0       0       0       0       0       0
Total ram usage:       25 bytes
 Hardware stack levels used:    1
 Hardware stack levels required when called:    1
 This function calls:
		___lwdiv
		___lwmod
		___wmul
		_isdigit
 This function is called by:
		_main
		_execute_part2_radar
 This function uses a non-reentrant model


 *************** function _isdigit *****************
 Defined at:
		line 8 in file "C:\Program Files (x86)\Microchip\xc8\v1.45\sources\common\isdigit.c"
 Parameters:    Size  Location     Type
  c               1    wreg     unsigned char 
 Auto vars:     Size  Location     Type
  c               1    2[COMRAM] unsigned char 
 Return value:  Size  Location     Type
		None               void
 Registers used:
		wreg, status,2, status,0
 Tracked objects:
		On entry : 
		On exit  : 
		Unchanged: 
 Data sizes:     COMRAM   BANK0   BANK1   BANK2   BANK3   BANK4   BANK5   BANK6   BANK7   BANK8   BANK9  BANK10  BANK11  BANK12  BANK13  BANK14  BANK15
      Params:         0       0       0       0       0       0       0       0       0       0       0       0       0       0       0       0       0
      Locals:         2       0       0       0       0       0       0       0       0       0       0       0       0       0       0       0       0
      Temps:          1       0       0       0       0       0       0       0       0       0       0       0       0       0       0       0       0
      Totals:         3       0       0       0       0       0       0       0       0       0       0       0       0       0       0       0       0
Total ram usage:        3 bytes
 Hardware stack levels used:    1
 This function calls:
		Nothing
 This function is called by:
		_sprintf
 This function uses a non-reentrant model


 *************** function ___wmul *****************
 Defined at:
		line 15 in file "C:\Program Files (x86)\Microchip\xc8\v1.45\sources\common\Umul16.c"
 Parameters:    Size  Location     Type
  multiplier      2    0[COMRAM] unsigned int 
  multiplicand    2    2[COMRAM] unsigned int 
 Auto vars:     Size  Location     Type
  product         2    4[COMRAM] unsigned int 
 Return value:  Size  Location     Type
                  2    0[COMRAM] unsigned int 
 Registers used:
		wreg, status,2, status,0, prodl, prodh
 Tracked objects:
		On entry : 
		On exit  : 
		Unchanged: 
 Data sizes:     COMRAM   BANK0   BANK1   BANK2   BANK3   BANK4   BANK5   BANK6   BANK7   BANK8   BANK9  BANK10  BANK11  BANK12  BANK13  BANK14  BANK15
      Params:         4       0       0       0       0       0       0       0       0       0       0       0       0       0       0       0       0
      Locals:         2       0       0       0       0       0       0       0       0       0       0       0       0       0       0       0       0
      Temps:          0       0       0       0       0       0       0       0       0       0       0       0       0       0       0       0       0
      Totals:         6       0       0       0       0       0       0       0       0       0       0       0       0       0       0       0       0
Total ram usage:        6 bytes
 Hardware stack levels used:    1
 This function calls:
		Nothing
 This function is called by:
		_sprintf
 This function uses a non-reentrant model


 *************** function ___lwmod *****************
 Defined at:
		line 8 in file "C:\Program Files (x86)\Microchip\xc8\v1.45\sources\common\lwmod.c"
 Parameters:    Size  Location     Type
  dividend        2    7[COMRAM] unsigned int 
  divisor         2    9[COMRAM] unsigned int 
 Auto vars:     Size  Location     Type
  counter         1   11[COMRAM] unsigned char 
 Return value:  Size  Location     Type
                  2    7[COMRAM] unsigned int 
 Registers used:
		wreg, status,2, status,0
 Tracked objects:
		On entry : 
		On exit  : 
		Unchanged: 
 Data sizes:     COMRAM   BANK0   BANK1   BANK2   BANK3   BANK4   BANK5   BANK6   BANK7   BANK8   BANK9  BANK10  BANK11  BANK12  BANK13  BANK14  BANK15
      Params:         4       0       0       0       0       0       0       0       0       0       0       0       0       0       0       0       0
      Locals:         1       0       0       0       0       0       0       0       0       0       0       0       0       0       0       0       0
      Temps:          0       0       0       0       0       0       0       0       0       0       0       0       0       0       0       0       0
      Totals:         5       0       0       0       0       0       0       0       0       0       0       0       0       0       0       0       0
Total ram usage:        5 bytes
 Hardware stack levels used:    1
 This function calls:
		Nothing
 This function is called by:
		_main
		_sprintf
 This function uses a non-reentrant model


 *************** function _servo_set_angle *****************
 Defined at:
		line 433 in file "ourProject.c"
 Parameters:    Size  Location     Type
  angle           1    wreg     unsigned char 
 Auto vars:     Size  Location     Type
  angle           1   34[COMRAM] unsigned char 
  pulse_us        2   32[COMRAM] unsigned int 
  i               1   35[COMRAM] unsigned char 
 Return value:  Size  Location     Type
                  1    wreg      void 
 Registers used:
		wreg, status,2, status,0, cstack
 Tracked objects:
		On entry : 
		On exit  : 
		Unchanged: 
 Data sizes:     COMRAM   BANK0   BANK1   BANK2   BANK3   BANK4   BANK5   BANK6   BANK7   BANK8   BANK9  BANK10  BANK11  BANK12  BANK13  BANK14  BANK15
      Params:         0       0       0       0       0       0       0       0       0       0       0       0       0       0       0       0       0
      Locals:         4       0       0       0       0       0       0       0       0       0       0       0       0       0       0       0       0
      Temps:          0       0       0       0       0       0       0       0       0       0       0       0       0       0       0       0       0
      Totals:         4       0       0       0       0       0       0       0       0       0       0       0       0       0       0       0       0
Total ram usage:        4 bytes
 Hardware stack levels used:    1
 Hardware stack levels required when called:    2
 This function calls:
		_servo_angle_to_us
		_servo_pulse_us
 This function is called by:
		_main
		_execute_part2_radar
 This function uses a non-reentrant model


 *************** function _servo_pulse_us *****************
 Defined at:
		line 423 in file "ourProject.c"
 Parameters:    Size  Location     Type
  pulse_us        2    2[COMRAM] unsigned int 
 Auto vars:     Size  Location     Type
		None
 Return value:  Size  Location     Type
                  1    wreg      void 
 Registers used:
		wreg, status,2, status,0, cstack
 Tracked objects:
		On entry : 
		On exit  : 
		Unchanged: 
 Data sizes:     COMRAM   BANK0   BANK1   BANK2   BANK3   BANK4   BANK5   BANK6   BANK7   BANK8   BANK9  BANK10  BANK11  BANK12  BANK13  BANK14  BANK15
      Params:         2       0       0       0       0       0       0       0       0       0       0       0       0       0       0       0       0
      Locals:         0       0       0       0       0       0       0       0       0       0       0       0       0       0       0       0       0
      Temps:          2       0       0       0       0       0       0       0       0       0       0       0       0       0       0       0       0
      Totals:         4       0       0       0       0       0       0       0       0       0       0       0       0       0       0       0       0
Total ram usage:        4 bytes
 Hardware stack levels used:    1
 Hardware stack levels required when called:    1
 This function calls:
		_delay_us_var
 This function is called by:
		_servo_set_angle
 This function uses a non-reentrant model


 *************** function _servo_angle_to_us *****************
 Defined at:
		line 410 in file "ourProject.c"
 Parameters:    Size  Location     Type
  angle           1    wreg     unsigned char 
 Auto vars:     Size  Location     Type
  angle           1   31[COMRAM] unsigned char 
  pulse_us        4   27[COMRAM] unsigned long 
 Return value:  Size  Location     Type
                  2   25[COMRAM] unsigned int 
 Registers used:
		wreg, status,2, status,0, cstack
 Tracked objects:
		On entry : 
		On exit  : 
		Unchanged: 
 Data sizes:     COMRAM   BANK0   BANK1   BANK2   BANK3   BANK4   BANK5   BANK6   BANK7   BANK8   BANK9  BANK10  BANK11  BANK12  BANK13  BANK14  BANK15
      Params:         2       0       0       0       0       0       0       0       0       0       0       0       0       0       0       0       0
      Locals:         5       0       0       0       0       0       0       0       0       0       0       0       0       0       0       0       0
      Temps:          0       0       0       0       0       0       0       0       0       0       0       0       0       0       0       0       0
      Totals:         7       0       0       0       0       0       0       0       0       0       0       0       0       0       0       0       0
Total ram usage:        7 bytes
 Hardware stack levels used:    1
 Hardware stack levels required when called:    1
 This function calls:
		___lldiv
		___lmul
 This function is called by:
		_servo_set_angle
 This function uses a non-reentrant model


 *************** function _send_string_no_lib *****************
 Defined at:
		line 47 in file "my_ser.c"
 Parameters:    Size  Location     Type
  p               2    1[COMRAM] PTR const unsigned char 
		 -> execute_part2_radar@SerialBuffer(24), 
 Auto vars:     Size  Location     Type
		None
 Return value:  Size  Location     Type
                  1    wreg      void 
 Registers used:
		wreg, fsr2l, fsr2h, status,2, status,0, cstack
 Tracked objects:
		On entry : 
		On exit  : 
		Unchanged: 
 Data sizes:     COMRAM   BANK0   BANK1   BANK2   BANK3   BANK4   BANK5   BANK6   BANK7   BANK8   BANK9  BANK10  BANK11  BANK12  BANK13  BANK14  BANK15
      Params:         2       0       0       0       0       0       0       0       0       0       0       0       0       0       0       0       0
[...]
 Defined at:
		line 319 in file "ourProject.c"
 Parameters:    Size  Location     Type
		None
 Auto vars:     Size  Location     Type
		None
 Return value:  Size  Location     Type
                  1    wreg      void 
 Registers used:
		wreg, status,2
 Tracked objects:
		On entry : 
		On exit  : 
		Unchanged: 
 Data sizes:     COMRAM   BANK0   BANK1   BANK2   BANK3   BANK4   BANK5   BANK6   BANK7   BANK8   BANK9  BANK10  BANK11  BANK12  BANK13  BANK14  BANK15
      Params:         0       0       0       0       0       0       0       0       0       0       0       0       0       0       0       0       0
      Locals:         0       0       0       0       0       0       0       0       0       0       0       0       0       0       0       0       0
      Temps:          0       0       0       0       0       0       0       0       0       0       0       0       0       0       0       0       0
      Totals:         0       0       0       0       0       0       0       0       0       0       0       0       0       0       0       0       0
Total ram usage:        0 bytes
 Hardware stack levels used:    1
 This function calls:
		Nothing
 This function is called by:
		_hcsr04_read_once
 This function uses a non-reentrant model


 *************** function _delay_us_var *****************
 Defined at:
		line 291 in file "ourProject.c"
 Parameters:    Size  Location     Type
  us              2    0[COMRAM] unsigned int 
 Auto vars:     Size  Location     Type
		None
 Return value:  Size  Location     Type
                  1    wreg      void 
 Registers used:
		wreg, status,2, status,0
 Tracked objects:
		On entry : 
		On exit  : 
		Unchanged: 
 Data sizes:     COMRAM   BANK0   BANK1   BANK2   BANK3   BANK4   BANK5   BANK6   BANK7   BANK8   BANK9  BANK10  BANK11  BANK12  BANK13  BANK14  BANK15
      Params:         2       0       0       0       0       0       0       0       0       0       0       0       0       0       0       0       0
      Locals:         0       0       0       0       0       0       0       0       0       0       0       0       0       0       0       0       0
      Temps:          0       0       0       0       0       0       0       0       0       0       0       0       0       0       0       0       0
      Totals:         2       0       0       0       0       0       0       0       0       0       0       0       0       0       0       0       0
Total ram usage:        2 bytes
 Hardware stack levels used:    1
 This function calls:
		Nothing
 This function is called by:
		_servo_pulse_us
		_hcsr04_read_once
 This function uses a non-reentrant model


 *************** function ___lwdiv *****************
 Defined at:
		line 8 in file "C:\Program Files (x86)\Microchip\xc8\v1.45\sources\common\lwdiv.c"
 Parameters:    Size  Location     Type
  dividend        2    0[COMRAM] unsigned int 
  divisor         2    2[COMRAM] unsigned int 
 Auto vars:     Size  Location     Type
  quotient        2    4[COMRAM] unsigned int 
  counter         1    6[COMRAM] unsigned char 
 Return value:  Size  Location     Type
                  2    0[COMRAM] unsigned int 
 Registers used:
		wreg, status,2, status,0
 Tracked objects:
		On entry : 
		On exit  : 
		Unchanged: 
 Data sizes:     COMRAM   BANK0   BANK1   BANK2   BANK3   BANK4   BANK5   BANK6   BANK7   BANK8   BANK9  BANK10  BANK11  BANK12  BANK13  BANK14  BANK15
      Params:         4       0       0       0       0       0       0       0       0       0       0       0       0       0       0       0       0
      Locals:         3       0       0       0       0       0       0       0       0       0       0       0       0       0       0       0       0
      Temps:          0       0       0       0       0       0       0       0       0       0       0       0       0       0       0       0       0
      Totals:         7       0       0       0       0       0       0       0       0       0       0       0       0       0       0       0       0
Total ram usage:        7 bytes
 Hardware stack levels used:    1
 This function calls:
		Nothing
 This function is called by:
		_main
		_hcsr04_read_once
		_sprintf
 This function uses a non-reentrant model


 *************** function _delay_ms_var *****************
 Defined at:
		line 311 in file "ourProject.c"
 Parameters:    Size  Location     Type
  ms              2    0[COMRAM] unsigned int 
 Auto vars:     Size  Location     Type
		None
 Return value:  Size  Location     Type
                  1    wreg      void 
 Registers used:
		wreg, status,2, status,0
 Tracked objects:
		On entry : 
		On exit  : 
		Unchanged: 
 Data sizes:     COMRAM   BANK0   BANK1   BANK2   BANK3   BANK4   BANK5   BANK6   BANK7   BANK8   BANK9  BANK10  BANK11  BANK12  BANK13  BANK14  BANK15
      Params:         2       0       0       0       0       0       0       0       0       0       0       0       0       0       0       0       0
      Locals:         0       0       0       0       0       0       0       0       0       0       0       0       0       0       0       0       0
      Temps:          0       0       0       0       0       0       0       0       0       0       0       0       0       0       0       0       0
      Totals:         2       0       0       0       0       0       0       0       0       0       0       0       0       0       0       0       0
Total ram usage:        2 bytes
 Hardware stack levels used:    1
 This function calls:
		Nothing
 This function is called by:
		_hcsr04_read_filtered
		_execute_part2_radar
 This function uses a non-reentrant model


 *************** function _buzzer_beep *****************
 Defined at:
		line 396 in file "ourProject.c"
 Parameters:    Size  Location     Type
  cycles          1    wreg     unsigned char 
 Auto vars:     Size  Location     Type
  cycles          1    0[COMRAM] unsigned char 
  i               1    1[COMRAM] unsigned char 
 Return value:  Size  Location     Type
                  1    wreg      void 
 Registers used:
		wreg, status,2, status,0, cstack
 Tracked objects:
		On entry : 
		On exit  : 
		Unchanged: 
 Data sizes:     COMRAM   BANK0   BANK1   BANK2   BANK3   BANK4   BANK5   BANK6   BANK7   BANK8   BANK9  BANK10  BANK11  BANK12  BANK13  BANK14  BANK15
      Params:         0       0       0       0       0       0       0       0       0       0       0       0       0       0       0       0       0
      Locals:         2       0       0       0       0       0       0       0       0       0       0       0       0       0       0       0       0
      Temps:          0       0       0       0       0       0       0       0       0       0       0       0       0       0       0       0       0
      Totals:         2       0       0       0       0       0       0       0       0       0       0       0       0       0       0       0       0
Total ram usage:        2 bytes
 Hardware stack levels used:    1
 This function calls:
		Nothing
 This function is called by:
		_execute_part2_radar
 This function uses a non-reentrant model


 *************** function _adc_raw_to_mv *****************
 Defined at:
		line 371 in file "ourProject.c"
 Parameters:    Size  Location     Type
  raw_value       2   25[COMRAM] unsigned int 
 Auto vars:     Size  Location     Type
		None
 Return value:  Size  Location     Type
                  2   25[COMRAM] unsigned int 
 Registers used:
		wreg, status,2, status,0, cstack
 Tracked objects:
		On entry : 
		On exit  : 
		Unchanged: 
 Data sizes:     COMRAM   BANK0   BANK1   BANK2   BANK3   BANK4   BANK5   BANK6   BANK7   BANK8   BANK9  BANK10  BANK11  BANK12  BANK13  BANK14  BANK15
      Params:         2       0       0       0       0       0       0       0       0       0       0       0       0       0       0       0       0
      Locals:         0       0       0       0       0       0       0       0       0       0       0       0       0       0       0       0       0
      Temps:          0       0       0       0       0       0       0       0       0       0       0       0       0       0       0       0       0
      Totals:         2       0       0       0       0       0       0       0       0       0       0       0       0       0       0       0       0
Total ram usage:        2 bytes
 Hardware stack levels used:    1
 Hardware stack levels required when called:    1
 This function calls:
		___lldiv
		___lmul
 This function is called by:
		_main
 This function uses a non-reentrant model


 *************** function ___lmul *****************
 Defined at:
		line 15 in file "C:\Program Files (x86)\Microchip\xc8\v1.45\sources\common\Umul32.c"
 Parameters:    Size  Location     Type
  multiplier      4    0[COMRAM] unsigned long 
  multiplicand    4    4[COMRAM] unsigned long 
 Auto vars:     Size  Location     Type
  product         4    8[COMRAM] unsigned long 
 Return value:  Size  Location     Type
                  4    0[COMRAM] unsigned long 
 Registers used:
		wreg, status,2, status,0
 Tracked objects:
		On entry : 
		On exit  : 
		Unchanged: 
 Data sizes:     COMRAM   BANK0   BANK1   BANK2   BANK3   BANK4   BANK5   BANK6   BANK7   BANK8   BANK9  BANK10  BANK11  BANK12  BANK13  BANK14  BANK15
      Params:         8       0       0       0       0       0       0       0       0       0       0       0       0       0       0       0       0
      Locals:         4       0       0       0       0       0       0       0       0       0       0       0       0       0       0       0       0
      Temps:          0       0       0       0       0       0       0       0       0       0       0       0       0       0       0       0       0
      Totals:        12       0       0       0       0       0       0       0       0       0       0       0       0       0       0       0       0
Total ram usage:       12 bytes
 Hardware stack levels used:    1
 This function calls:
		Nothing
 This function is called by:
		_adc_raw_to_mv
		_lm35_celsius_x10
		_servo_angle_to_us
 This function uses a non-reentrant model


 *************** function _adc_average_raw *****************
 Defined at:
		line 353 in file "ourProject.c"
 Parameters:    Size  Location     Type
  channel         1    wreg     unsigned char 
  samples         1   25[COMRAM] unsigned char 
 Auto vars:     Size  Location     Type
  channel         1   33[COMRAM] unsigned char 
  sum             4   28[COMRAM] unsigned long 
  i               1   32[COMRAM] unsigned char 
 Return value:  Size  Location     Type
                  2   25[COMRAM] unsigned int 
 Registers used:
		wreg, status,2, status,0, cstack
 Tracked objects:
		On entry : 
		On exit  : 
		Unchanged: 
 Data sizes:     COMRAM   BANK0   BANK1   BANK2   BANK3   BANK4   BANK5   BANK6   BANK7   BANK8   BANK9  BANK10  BANK11  BANK12  BANK13  BANK14  BANK15
      Params:         2       0       0       0       0       0       0       0       0       0       0       0       0       0       0       0       0
      Locals:         6       0       0       0       0       0       0       0       0       0       0       0       0       0       0       0       0
      Temps:          1       0       0       0       0       0       0       0       0       0       0       0       0       0       0       0       0
      Totals:         9       0       0       0       0       0       0       0       0       0       0       0       0       0       0       0       0
Total ram usage:        9 bytes
 Hardware stack levels used:    1
 Hardware stack levels required when called:    1
 This function calls:
		___lldiv
		_delay_ms
		_readADC_raw
 This function is called by:
		_main
 This function uses a non-reentrant model


 *************** function _readADC_raw *****************
 Defined at:
		line 15 in file "my_adc.c"
 Parameters:    Size  Location     Type
  channel         1    wreg     unsigned char 
 Auto vars:     Size  Location     Type
  channel         1    6[COMRAM] unsigned char 
  raw_value       2    4[COMRAM] unsigned int 
 Return value:  Size  Location     Type
                  2    0[COMRAM] int 
 Registers used:
		wreg, status,2, status,0
 Tracked objects:
		On entry : 
		On exit  : 
		Unchanged: 
 Data sizes:     COMRAM   BANK0   BANK1   BANK2   BANK3   BANK4   BANK5   BANK6   BANK7   BANK8   BANK9  BANK10  BANK11  BANK12  BANK13  BANK14  BANK15
      Params:         2       0       0       0       0       0       0       0       0       0       0       0       0       0       0       0       0
      Locals:         3       0       0       0       0       0       0       0       0       0       0       0       0       0       0       0       0
      Temps:          2       0       0       0       0       0       0       0       0       0       0       0       0       0       0       0       0
      Totals:         7       0       0       0       0       0       0       0       0       0       0       0       0       0       0       0       0
Total ram usage:        7 bytes
 Hardware stack levels used:    1
 This function calls:
		Nothing
 This function is called by:
		_adc_average_raw
		_readADC_voltage
 This function uses a non-reentrant model


 *************** function _delay_ms *****************
 Defined at:
		line 12 in file "lcd_x8.c"
 Parameters:    Size  Location     Type
  n               2    0[COMRAM] unsigned int 
 Auto vars:     Size  Location     Type
  x               2    2[COMRAM] int 
 Return value:  Size  Location     Type
                  1    wreg      void 
 Registers used:
		wreg, status,2, status,0
 Tracked objects:
		On entry : 
		On exit  : 
		Unchanged: 
 Data sizes:     COMRAM   BANK0   BANK1   BANK2   BANK3   BANK4   BANK5   BANK6   BANK7   BANK8   BANK9  BANK10  BANK11  BANK12  BANK13  BANK14  BANK15
      Params:         2       0       0       0       0       0       0       0       0       0       0       0       0       0       0       0       0
      Locals:         2       0       0       0       0       0       0       0       0       0       0       0       0       0       0       0       0
      Temps:          0       0       0       0       0       0       0       0       0       0       0       0       0       0       0       0       0
      Totals:         4       0       0       0       0       0       0       0       0       0       0       0       0       0       0       0       0
Total ram usage:        4 bytes
 Hardware stack levels used:    1
 This function calls:
		Nothing
 This function is called by:
		_lcd_send_byte
		_lcd_init
		_lcd_putc
		_soundBuzzer
		_main
		_adc_average_raw
 This function uses a non-reentrant model


 *************** function ___lldiv *****************
 Defined at:
		line 8 in file "C:\Program Files (x86)\Microchip\xc8\v1.45\sources\common\lldiv.c"
 Parameters:    Size  Location     Type
  dividend        4   12[COMRAM] unsigned long 
  divisor         4   16[COMRAM] unsigned long 
 Auto vars:     Size  Location     Type
  quotient        4   20[COMRAM] unsigned long 
  counter         1   24[COMRAM] unsigned char 
 Return value:  Size  Location     Type
                  4   12[COMRAM] unsigned long 
 Registers used:
		wreg, status,2, status,0
 Tracked objects:
		On entry : 
		On exit  : 
		Unchanged: 
 Data sizes:     COMRAM   BANK0   BANK1   BANK2   BANK3   BANK4   BANK5   BANK6   BANK7   BANK8   BANK9  BANK10  BANK11  BANK12  BANK13  BANK14  BANK15
      Params:         8       0       0       0       0       0       0       0       0       0       0       0       0       0       0       0       0
      Locals:         5       0       0       0       0       0       0       0       0       0       0       0       0       0       0       0       0
      Temps:          0       0       0       0       0       0       0       0       0       0       0       0       0       0       0       0       0
      Totals:        13       0       0       0       0       0       0       0       0       0       0       0       0       0       0       0       0
Total ram usage:       13 bytes
 Hardware stack levels used:    1
 This function calls:
		Nothing
 This function is called by:
		_adc_average_raw
		_adc_raw_to_mv
		_lm35_celsius_x10
		_servo_angle_to_us
 This function uses a non-reentrant model



MODULE INFORMATION

Module		Function		Class		Link	Load	Size
C:\Program Files (x86)\Microchip\xc8\v1.45\sources\common\doprnt.c
		_sprintf       		CODE           	139E	0000	499

C:\Program Files (x86)\Microchip\xc8\v1.45\sources\common\doprnt.c estimated size: 499

C:\Program Files (x86)\Microchip\xc8\v1.45\sources\common\Umul16.c
		___wmul        		CODE           	21AE	0000	39

C:\Program Files (x86)\Microchip\xc8\v1.45\sources\common\Umul16.c estimated size: 39

my_ser.c
		_send_byte_no_lib		CODE           	232E	0000	17
		_is_byte_available		CODE           	22DC	0000	25
		_read_byte_no_lib		CODE           	233E	0000	9
		_setupSerial   		CODE           	21FA	0000	37
		_send_string_no_lib		CODE           	221E	0000	37

my_ser.c estimated size: 125

my_adc.c
		_initADC       		CODE           	2284	0000	31
		_readADC_raw   		CODE           	20C6	0000	53

my_adc.c estimated size: 84

C:\Program Files (x86)\Microchip\xc8\v1.45\sources\common\isdigit.c
		_isdigit       		CODE           	22A2	0000	31

C:\Program Files (x86)\Microchip\xc8\v1.45\sources\common\isdigit.c estimated size: 31

C:\Program Files (x86)\Microchip\xc8\v1.45\sources\common\lwmod.c
		___lwmod       		CODE           	1F90	0000	67

C:\Program Files (x86)\Microchip\xc8\v1.45\sources\common\lwmod.c estimated size: 67

ourProject.c
		_adc_average_raw		CODE           	1A7A	0000	143
		_timer1_read_us		CODE           	22F4	0000	23
		_timer1_timeout		CODE           	2264	0000	33
		_radar_next_angle		CODE           	2090	0000	55
		_execute_part2_radar		CODE           	1764	0000	381
		_hcsr04_read_filtered		CODE           	1590	0000	469
		_sort_samples  		CODE           	19D4	0000	167
		_main          		CODE           	108E	0000	785
		_buzzer_beep   		CODE           	2182	0000	45
		_delay_us_var  		CODE           	1D68	0000	87
		_timer1_start_us		CODE           	230A	0000	21
		_initPorts     		CODE           	1F4C	0000	69
		_servo_angle_to_us		CODE           	1B8A	0000	121
		_soundBuzzer   		CODE           	2014	0000	63
		_initTimer1    		CODE           	231E	0000	17
		_servo_pulse_us		CODE           	2052	0000	63
		_hcsr04_read_once		CODE           	18E0	0000	245
		_adc_raw_to_mv 		CODE           	1DBE	0000	87
		_lcd_clear_line		CODE           	20FA	0000	47
		_timer1_stop   		CODE           	2346	0000	7
		_delay_ms_var  		CODE           	22C0	0000	29
		_lm35_celsius_x10		CODE           	1C66	0000	87
		_servo_set_angle		CODE           	2156	0000	45

ourProject.c estimated size: 3089

C:\Program Files (x86)\Microchip\xc8\v1.45\sources\common\Umul32.c
		___lmul        		CODE           	1E14	0000	87

C:\Program Files (x86)\Microchip\xc8\v1.45\sources\common\Umul32.c estimated size: 87

shared
		_ADC           		SMALLCONST     	1001	0000	14
		_dpowers       		SMALLCONST     	100E	0000	11
		__initialization		CODE           	1EBC	0000	63

shared estimated size: 88

C:\Program Files (x86)\Microchip\xc8\v1.45\sources\common\lwdiv.c
		___lwdiv       		CODE           	1E6A	0000	83

C:\Program Files (x86)\Microchip\xc8\v1.45\sources\common\lwdiv.c estimated size: 83

C:\Program Files (x86)\Microchip\xc8\v1.45\sources\common\lldiv.c
		___lldiv       		CODE           	1B08	0000	131

C:\Program Files (x86)\Microchip\xc8\v1.45\sources\common\lldiv.c estimated size: 131

lcd_x8.c
		_lcd_putc      		CODE           	1D12	0000	87
		_lcd_puts      		CODE           	1CBC	0000	87
		_lcd_send_byte 		CODE           	1F04	0000	73
		_lcd_gotoxy    		CODE           	1FD2	0000	67
		_lcd_send_nibble		CODE           	2242	0000	35
		_delay_ms      		CODE           	21D4	0000	39
		_lcd_init      		CODE           	1C02	0000	101
		_delay_cycles  		CODE           	2128	0000	47

lcd_x8.c estimated size: 536

