Microchip MPLAB XC8 Compiler V1.45 ()

Linker command line:

-W-3 --edf=C:\Program Files (x86)\Microchip\xc8\v1.45\dat\en_msgs.txt -cs \
  -h+dist/default/production\ourProject.X.production.sym \
  --cmf=dist/default/production\ourProject.X.production.cmf -z -Q18F4620 \
  -oC:\Users\OMDEH\AppData\Local\Temp\shc.2 \
  -Mdist/default/production/ourProject.X.production.map -E1 -ver=XC8 \
  -ASTACK=0E7h-0f7fh -pstack=STACK -ACODE=0300h-0FFFFh -ACONST=0300h-0FFFFh \
  -ASMALLCONST=01000h-010FFhx240 -AMEDIUMCONST=01000h-0FFFFh \
  -ACOMRAM=01h-07Fh -AABS1=00h-0F7Fh -ABIGRAM=01h-0F7Fh \
  -ARAM=080h-0FFh,0100h-01FFhx14,0F00h-0F7Fh -ABANK0=080h-0FFh \
  -ABANK1=0100h-01FFh -ABANK2=0200h-02FFh -ABANK3=0300h-03FFh \
  -ABANK4=0400h-04FFh -ABANK5=0500h-05FFh -ABANK6=0600h-06FFh \
  -ABANK7=0700h-07FFh -ABANK8=0800h-08FFh -ABANK9=0900h-09FFh \
  -ABANK10=0A00h-0AFFh -ABANK11=0B00h-0BFFh -ABANK12=0C00h-0CFFh \
  -ABANK13=0D00h-0DFFh -ABANK14=0E00h-0EFFh -ABANK15=0F00h-0F7Fh \
  -ASFR=0F80h-0FFFh -preset_vec=0300h,intcode=0308h,intcodelo,powerup,init \
  -pramtop=01000h -psmallconst=SMALLCONST -pmediumconst=MEDIUMCONST \
  -pconst=CONST -AFARRAM=00h-00h -ACONFIG=0300000h-030000Dh -pconfig=CONFIG \
  -AIDLOC=0200000h-0200007h -pidloc=IDLOC -AEEDATA=0F00000h-0F003FFh \
  -peeprom_data=EEDATA \
  -prdata=COMRAM,nvrram=COMRAM,nvbit=COMRAM,rbss=COMRAM,rbit=COMRAM \
  -pfarbss=FARRAM,fardata=FARRAM,nvFARRAM=FARRAM \
  -pintsave_regs=BIGRAM,bigbss=BIGRAM,bigdata=BIGRAM -pbss=RAM \
  -pidata=CODE,irdata=CODE,ibigdata=CODE,ifardata=CODE -prparam=COMRAM \
  C:\Users\OMDEH\AppData\Local\Temp\shc.obj \
  dist/default/production\ourProject.X.production.obj 

Object code version is 3.11

Machine type is 18F4620

Call graph: (short form)




                Name                               Link     Load   Length Selector   Space Scale
C:\Users\OMDEH\AppData\Local\Temp\shc.obj
                init                                30E      30E        4      184       0
                reset_vec                           300      300        4      180       0
                idloc                            200000   200000        8   200000       0
                config                           300000   300000        E   300000       0
dist/default/production\ourProject.X.production.obj
                intcode                             308      308        6      184       0
                temp                                 4A       4A        1        1       1
                smallconst                         1000     1000       8E      800       0
                intcode_body                       18F4     18F4      138      847       0
                text46                             1C54     1C54       82      847       0
                text45                             236A     236A       26      847       0
                text44                             2256     2256       34      847       0
                text43                             1BC6     1BC6       8E      847       0
                text42                             1F60     1F60       56      847       0
                text41                             1F0A     1F0A       56      847       0
                text40                             2318     2318       2C      847       0
                text39                             2456     2456       1C      847       0
                text38                             1FB6     1FB6       52      847       0
                text37                             1EB4     1EB4       56      847       0
                text36                             24A0     24A0       14      847       0
                text35                             24EE     24EE        6      847       0
                text34                             248A     248A       16      847       0
                text33                             23FA     23FA       20      847       0
                text32                             1A2C     1A2C       F4      847       0
                text31                             1B20     1B20       A6      847       0
                text30                             1598     1598      1D4      847       0
                text29                             22EA     22EA       2E      847       0
                text28                             23D8     23D8       22      847       0
                text27                             2058     2058       48      847       0
                text26                             2126     2126       42      847       0
                text25                             1E5E     1E5E       56      847       0
                text24                             1E08     1E08       56      847       0
                text23                             2220     2220       36      847       0
                text22                             24C4     24C4       10      847       0
                text21                             23B4     23B4       24      847       0
                text20                             1CD6     1CD6       78      847       0
                text19                             228A     228A       32      847       0
                text18                             20E4     20E4       42      847       0
                text17                             2344     2344       26      847       0
                text16                             2438     2438       1E      847       0
                text15                             13A6     13A6      1F2      847       0
                text14                             176C     176C      188      847       0
                text13                             241A     241A       1E      847       0
                text12                             20A0     20A0       44      847       0
                text11                             21E4     21E4       3C      847       0
                text10                             24B4     24B4       10      847       0
                text9                              2472     2472       18      847       0
                text8                              22BC     22BC       2E      847       0
                text7                              1D4E     1D4E       64      847       0
                text6                              1DB2     1DB2       56      847       0
                text5                              24E0     24E0        8      847       0
                text4                              21A6     21A6       3E      847       0
                text3                              24D4     24D4        C      847       0
                text2                              2390     2390       24      847       0
                text1                              2168     2168       3E      847       0
                text0                              108E     108E      318      847       0
                cstackCOMRAM                          1        1       41        1       1
                cstackBANK0                          80       80       61       80       1
                dataBANK0                            E6       E6        1       80       1
                bssBANK0                             E1       E1        5       80       1
                dataCOMRAM                           42       42        6        1       1
                bssCOMRAM                            48       48        2        1       1
                cinit                              2008     2008       50      847       0
                idataBANK0                         24F4     24F4        1      847       0
                idataCOMRAM                        24E8     24E8        6      847       0

TOTAL           Name                               Link     Load   Length     Space
        CLASS   STACK          

        CLASS   CODE           
                intcode                             308      308        6         0
                init                                30E      30E        4         0
                reset_vec                           300      300        4         0
                intcode_body                       18F4     18F4      138         0
                text46                             1C54     1C54       82         0
                text45                             236A     236A       26         0
                text44                             2256     2256       34         0
                text43                             1BC6     1BC6       8E         0
                text42                             1F60     1F60       56         0
                text41                             1F0A     1F0A       56         0
                text40                             2318     2318       2C         0
                text39                             2456     2456       1C         0
                text38                             1FB6     1FB6       52         0
                text37                             1EB4     1EB4       56         0
                text36                             24A0     24A0       14         0
                text35                             24EE     24EE        6         0
                text34                             248A     248A       16         0
                text33                             23FA     23FA       20         0
                text32                             1A2C     1A2C       F4         0
                text31                             1B20     1B20       A6         0
                text30                             1598     1598      1D4         0
                text29                             22EA     22EA       2E         0
                text28                             23D8     23D8       22         0
                text27                             2058     2058       48         0
                text26                             2126     2126       42         0
                text25                             1E5E     1E5E       56         0
                text24                             1E08     1E08       56         0
                text23                             2220     2220       36         0
                text22                             24C4     24C4       10         0
                text21                             23B4     23B4       24         0
                text20                             1CD6     1CD6       78         0
                text19                             228A     228A       32         0
                text18                             20E4     20E4       42         0
                text17                             2344     2344       26         0
                text16                             2438     2438       1E         0
                text15                             13A6     13A6      1F2         0
                text14                             176C     176C      188         0
                text13                             241A     241A       1E         0
                text12                             20A0     20A0       44         0
                text11                             21E4     21E4       3C         0
                text10                             24B4     24B4       10         0
                text9                              2472     2472       18         0
                text8                              22BC     22BC       2E         0
                text7                              1D4E     1D4E       64         0
                text6                              1DB2     1DB2       56         0
                text5                              24E0     24E0        8         0
                text4                              21A6     21A6       3E         0
                text3                              24D4     24D4        C         0
                text2                              2390     2390       24         0
                text1                              2168     2168       3E         0
                text0                              108E     108E      318         0
                cinit                              2008     2008       50         0
                idataBANK0                         24F4     24F4        1         0
                idataCOMRAM                        24E8     24E8        6         0

        CLASS   CONST          

        CLASS   SMALLCONST     
                smallconst                         1000     1000       8E         0

        CLASS   MEDIUMCONST    

        CLASS   COMRAM         
                temp                                 4A       4A        1         1
                cstackCOMRAM                          1        1       41         1
                dataCOMRAM                           42       42        6         1
                bssCOMRAM                            48       48        2         1

        CLASS   ABS1           

        CLASS   BIGRAM         

        CLASS   RAM            

        CLASS   BANK0          
                cstackBANK0                          80       80       61         1
                dataBANK0                            E6       E6        1         1
                bssBANK0                             E1       E1        5         1

        CLASS   BANK1          

        CLASS   BANK2          

        CLASS   BANK3          

        CLASS   BANK4          

        CLASS   BANK5          

        CLASS   BANK6          

        CLASS   BANK7          

        CLASS   BANK8          

        CLASS   BANK9          

        CLASS   BANK10         

        CLASS   BANK11         

        CLASS   BANK12         

        CLASS   BANK13         

        CLASS   BANK14         

        CLASS   BANK15         

        CLASS   SFR            

        CLASS   FARRAM         

        CLASS   CONFIG         
                config                           300000   300000        E         0

        CLASS   IDLOC          
                idloc                            200000   200000        8         0

        CLASS   EEDATA         



SEGMENTS        Name                           Load    Length   Top    Selector   Space  Class

                cstackCOMRAM                   000001  00004A  00004B         1       1  COMRAM  
                cstackBANK0                    000080  000067  0000E7        80       1  BANK0   
                reset_vec                      000300  000004  000304       180       0  CODE    
                intcode                        000308  00000A  000312       184       0  CODE    
                smallconst                     001000  00008E  00108E       800       0  SMALLCON
                text0                          00108E  001467  0024F5       847       0  CODE    
                idloc                          200000  000008  200008    200000       0  IDLOC   
                config                         300000  00000E  30000E    300000       0  CONFIG  


UNUSED ADDRESS RANGES

        Name                Unused          Largest block    Delta
        BANK0            0000E7-0000FF               19
        BANK1            000100-0001FF              100
        BANK10           000A00-000AFF              100
        BANK11           000B00-000BFF              100
        BANK12           000C00-000CFF              100
        BANK13           000D00-000DFF              100
        BANK14           000E00-000EFF              100
        BANK15           000F00-000F7F               80
        BANK2            000200-0002FF              100
        BANK3            000300-0003FF              100
        BANK4            000400-0004FF              100
        BANK5            000500-0005FF              100
        BANK6            000600-0006FF              100
        BANK7            000700-0007FF              100
        BANK8            000800-0008FF              100
        BANK9            000900-0009FF              100
        BIGRAM           00004B-00007F               35
                         0000E7-000F7F              E99
        CODE             000304-000307                4
                         000312-000FFF              CEE
                         0024F5-00FFFF             DB0B
        COMRAM           00004B-00007F               35
        CONST            000304-000307                4
                         000312-000FFF              CEE
                         0024F5-00FFFF             DB0B
        EEDATA           F00000-F003FF              400
        FARRAM           000000-000000                1
        MEDIUMCONST      0024F5-00FFFF             DB0B
        RAM              0000E7-000F7F              100
        SFR              000F80-000FFF               80
        SMALLCONST       0024F5-00FFFF              100
        STACK            0000E7-000F7F              E99

                                  Symbol Table

?___lldiv                        cstackCOMRAM 000029
?___lmul                         cstackCOMRAM 00001D
?___lwdiv                        cstackCOMRAM 00001D
?___lwmod                        cstackCOMRAM 000024
?___wmul                         cstackCOMRAM 00001D
?_adc_average_raw                cstackCOMRAM 000036
?_adc_raw_to_mv                  cstackCOMRAM 000036
?_lm35_celsius_x10               cstackCOMRAM 000036
?_readADC_raw                    cstackCOMRAM 00001D
?_servo_angle_to_us              cstackCOMRAM 000036
?_sprintf                        cstackCOMRAM 000029
?_timer1_read_us                 cstackCOMRAM 00001D
_ADC                             smallconst   001001
_ADCON0                          (abs)        000FC2
_ADCON0bits                      (abs)        000FC2
_ADCON1                          (abs)        000FC1
_ADCON2                          (abs)        000FC0
_ADCON2bits                      (abs)        000FC0
_ADRESH                          (abs)        000FC4
_ADRESL                          (abs)        000FC3
_BAUDCONbits                     (abs)        000FB8
_CMCON                           (abs)        000FB4
_CVRCON                          (abs)        000FB5
_Flags                           bssBANK0     0000E5
_INTCON                          (abs)        000FF2
_INTCON2                         (abs)        000FF1
_INTCON3                         (abs)        000FF0
_INTCON3bits                     (abs)        000FF0
_INTCONbits                      (abs)        000FF2
_IPR1                            (abs)        000F9F
_IPR2                            (abs)        000FA2
_LATA                            (abs)        000F89
_LATB                            (abs)        000F8A
_LATBbits                        (abs)        000F8A
_LATC                            (abs)        000F8B
_LATCbits                        (abs)        000F8B
_LATD                            (abs)        000F8C
_LATE                            (abs)        000F8D
_LCD_INIT_STRING                 dataCOMRAM   000042
_PIE1                            (abs)        000F9D
_PIE2                            (abs)        000FA0
_PIE2bits                        (abs)        000FA0
_PIR1                            (abs)        000F9E
_PIR1bits                        (abs)        000F9E
_PIR2                            (abs)        000FA1
_PIR2bits                        (abs)        000FA1
_PORTBbits                       (abs)        000F81
_PORTCbits                       (abs)        000F82
_RCONbits                        (abs)        000FD0
_RCREG                           (abs)        000FAE
_RCSTA                           (abs)        000FAB
_RCSTAbits                       (abs)        000FAB
_SPBRG                           (abs)        000FAF
_SPBRGH                          (abs)        000FB0
_ServoAngle                      bssBANK0     0000E3
_ServoDirection                  dataBANK0    0000E6
_ServoEnabled                    bssCOMRAM    000049
_ServoPulseHigh                  bssCOMRAM    000048
_ServoPulseUs                    dataCOMRAM   000046
_T1CON                           (abs)        000FCD
_T3CON                           (abs)        000FB1
_T3CONbits                       (abs)        000FB1
_TMR1H                           (abs)        000FCF
_TMR1L                           (abs)        000FCE
_TMR3H                           (abs)        000FB3
_TMR3L                           (abs)        000FB2
_TRISA                           (abs)        000F92
_TRISB                           (abs)        000F93
_TRISC                           (abs)        000F94
_TRISD                           (abs)        000F95
_TRISE                           (abs)        000F96
_TXREG                           (abs)        000FAD
_TXSTA                           (abs)        000FAC
_TXSTAbits                       (abs)        000FAC
_TogglePart                      bssBANK0     0000E4
__CFG_BOREN$SBORDIS              (abs)        000000
__CFG_BORV$3                     (abs)        000000
__CFG_CCP2MX$PORTC               (abs)        000000
__CFG_CP0$OFF                    (abs)        000000
__CFG_CP1$OFF                    (abs)        000000
__CFG_CP2$OFF                    (abs)        000000
__CFG_CP3$OFF                    (abs)        000000
__CFG_CPB$OFF                    (abs)        000000
__CFG_CPD$OFF                    (abs)        000000
__CFG_EBTR0$OFF                  (abs)        000000
__CFG_EBTR1$OFF                  (abs)        000000
__CFG_EBTR2$OFF                  (abs)        000000
__CFG_EBTR3$OFF                  (abs)        000000
__CFG_EBTRB$OFF                  (abs)        000000
__CFG_FCMEN$OFF                  (abs)        000000
__CFG_IESO$OFF                   (abs)        000000
__CFG_LPT1OSC$OFF                (abs)        000000
__CFG_LVP$OFF                    (abs)        000000
__CFG_MCLRE$ON                   (abs)        000000
__CFG_OSC$XT                     (abs)        000000
__CFG_PBADEN$ON                  (abs)        000000
__CFG_PWRT$OFF                   (abs)        000000
__CFG_STVREN$ON                  (abs)        000000
__CFG_WDT$ON                     (abs)        000000
__CFG_WDTPS$32768                (abs)        000000
__CFG_WRT0$OFF                   (abs)        000000
__CFG_WRT1$OFF                   (abs)        000000
__CFG_WRT2$OFF                   (abs)        000000
__CFG_WRT3$OFF                   (abs)        000000
__CFG_WRTB$OFF                   (abs)        000000
__CFG_WRTC$OFF                   (abs)        000000
__CFG_WRTD$OFF                   (abs)        000000
__CFG_XINST$OFF                  (abs)        000000
__HRAM                           (abs)        000000
__Habs1                          abs1         000000
__Hbank0                         bank0        000000
__Hbank1                         bank1        000000
__Hbank10                        bank10       000000
__Hbank11                        bank11       000000
__Hbank12                        bank12       000000
__Hbank13                        bank13       000000
__Hbank14                        bank14       000000
__Hbank15                        bank15       000000
__Hbank2                         bank2        000000
__Hbank3                         bank3        000000
__Hbank4                         bank4        000000
__Hbank5                         bank5        000000
__Hbank6                         bank6        000000
__Hbank7                         bank7        000000
__Hbank8                         bank8        000000
__Hbank9                         bank9        000000
__Hbigbss                        bigbss       000000
__Hbigdata                       bigdata      000000
__Hbigram                        bigram       000000
__Hbss                           bss          000000
__HbssBANK0                      bssBANK0     000000
__HbssCOMRAM                     bssCOMRAM    000000
__Hcinit                         cinit        000000
__Hclrtext                       clrtext      000000
__Hcomram                        comram       000000
__Hconfig                        config       30000E
__Hconst                         const        000000
__HcstackBANK0                   cstackBANK0  000000
__HcstackCOMRAM                  cstackCOMRAM 000000
__Hdata                          data         000000
__HdataBANK0                     dataBANK0    000000
__HdataCOMRAM                    dataCOMRAM   000000
__Heeprom_data                   eeprom_data  000000
__Hfarbss                        farbss       000000
__Hfardata                       fardata      000000
__Hibigdata                      ibigdata     000000
__Hidata                         idata        000000
__HidataBANK0                    idataBANK0   000000
__HidataCOMRAM                   idataCOMRAM  000000
__Hidloc                         idloc        200008
__Hifardata                      ifardata     000000
__Hinit                          init         000312
__Hintcode                       intcode      00030E
__Hintcode_body                  intcode_body 000000
__Hintcodelo                     intcodelo    00030E
__Hintentry                      intentry     000000
__Hintret                        intret       000000
__Hintsave_regs                  intsave_regs 000000
__Hirdata                        irdata       000000
__Hmediumconst                   mediumconst  000000
__HnvFARRAM                      nvFARRAM     000000
__Hnvbit                         nvbit        000000
__Hnvrram                        nvrram       000000
__Hparam                         rparam       000000
__Hpowerup                       powerup      00030E
__Hram                           ram          000000
__Hramtop                        ramtop       001000
__Hrbit                          rbit         000000
__Hrbss                          rbss         000000
__Hrdata                         rdata        000000
__Hreset_vec                     reset_vec    000304
__Hrparam                        rparam       000000
__Hsfr                           sfr          000000
__Hsmallconst                    smallconst   00108E
__Hspace_0                       (abs)        30000E
__Hspace_1                       (abs)        0000E7
__Hspace_2                       (abs)        000000
__Hstack                         stack        000000
__Hstruct                        struct       000000
__Htemp                          temp         00004B
__Htext                          text         000000
__Htext0                         text0        000000
__Htext1                         text1        000000
__Htext10                        text10       000000
__Htext11                        text11       000000
__Htext12                        text12       000000
__Htext13                        text13       000000
__Htext14                        text14       000000
__Htext15                        text15       000000
__Htext16                        text16       000000
__Htext17                        text17       000000
__Htext18                        text18       000000
__Htext19                        text19       000000
__Htext2                         text2        000000
__Htext20                        text20       000000
__Htext21                        text21       000000
__Htext22                        text22       000000
__Htext23                        text23       000000
__Htext24                        text24       000000
__Htext25                        text25       000000
__Htext26                        text26       000000
__Htext27                        text27       000000
__Htext28                        text28       000000
__Htext29                        text29       000000
__Htext3                         text3        000000
__Htext30                        text30       000000
__Htext31                        text31       000000
__Htext32                        text32       000000
__Htext33                        text33       000000
__Htext34                        text34       000000
__Htext35                        text35       000000
__Htext36                        text36       000000
__Htext37                        text37       000000
__Htext38                        text38       000000
__Htext39                        text39       000000
__Htext4                         text4        000000
__Htext40                        text40       000000
__Htext41                        text41       000000
__Htext42                        text42       000000
__Htext43                        text43       000000
__Htext44                        text44       000000
__Htext45                        text45       000000
__Htext46                        text46       000000
__Htext5                         text5        000000
__Htext6                         text6        000000
__Htext7                         text7        000000
__Htext8                         text8        000000
__Htext9                         text9        000000
__LRAM                           (abs)        000001
__Labs1                          abs1         000000
__Lbank0                         bank0        000000
__Lbank1                         bank1        000000
__Lbank10                        bank10       000000
__Lbank11                        bank11       000000
__Lbank12                        bank12       000000
__Lbank13                        bank13       000000
__Lbank14                        bank14       000000
__Lbank15                        bank15       000000
__Lbank2                         bank2        000000
__Lbank3                         bank3        000000
__Lbank4                         bank4        000000
__Lbank5                         bank5        000000
__Lbank6                         bank6        000000
__Lbank7                         bank7        000000
__Lbank8                         bank8        000000
__Lbank9                         bank9        000000
__Lbigbss                        bigbss       000000
__Lbigdata                       bigdata      000000
__Lbigram                        bigram       000000
__Lbss                           bss          000000
__LbssBANK0                      bssBANK0     000000
__LbssCOMRAM                     bssCOMRAM    000000
__Lcinit                         cinit        000000
__Lclrtext                       clrtext      000000
__Lcomram                        comram       000000
__Lconfig                        config       300000
__Lconst                         const        000000
__LcstackBANK0                   cstackBANK0  000000
__LcstackCOMRAM                  cstackCOMRAM 000000
__Ldata                          data         000000
__LdataBANK0                     dataBANK0    000000
__LdataCOMRAM                    dataCOMRAM   000000
__Leeprom_data                   eeprom_data  000000
__Lfarbss                        farbss       000000
__Lfardata                       fardata      000000
__Libigdata                      ibigdata     000000
__Lidata                         idata        000000
__LidataBANK0                    idataBANK0   000000
__LidataCOMRAM                   idataCOMRAM  000000
__Lidloc                         idloc        200000
__Lifardata                      ifardata     000000
__Linit                          init         00030E
__Lintcode                       intcode      000308
__Lintcode_body                  intcode_body 000000
__Lintcodelo                     intcodelo    00030E
__Lintentry                      intentry     000000
__Lintret                        intret       000000
__Lintsave_regs                  intsave_regs 000000
__Lirdata                        irdata       000000
__Lmediumconst                   mediumconst  000000
__LnvFARRAM                      nvFARRAM     000000
__Lnvbit                         nvbit        000000
__Lnvrram                        nvrram       000000
__Lparam                         rparam       000000
__Lpowerup                       powerup      00030E
__Lram                           ram          000000
__Lramtop                        ramtop       001000
__Lrbit                          rbit         000000
__Lrbss                          rbss         000000
__Lrdata                         rdata        000000
__Lreset_vec                     reset_vec    000300
__Lrparam                        rparam       000000
__Lsfr                           sfr          000000
__Lsmallconst                    smallconst   001000
__Lspace_0                       (abs)        000000
__Lspace_1                       (abs)        000000
__Lspace_2                       (abs)        000000
__Lstack                         stack        000000
__Lstruct                        struct       000000
__Ltemp                          temp         00004A
__Ltext                          text         000000
__Ltext0                         text0        000000
__Ltext1                         text1        000000
__Ltext10                        text10       000000
__Ltext11                        text11       000000
__Ltext12                        text12       000000
__Ltext13                        text13       000000
__Ltext14                        text14       000000
__Ltext15                        text15       000000
__Ltext16                        text16       000000
__Ltext17                        text17       000000
__Ltext18                        text18       000000
__Ltext19                        text19       000000
__Ltext2                         text2        000000
__Ltext20                        text20       000000
__Ltext21                        text21       000000
__Ltext22                        text22       000000
__Ltext23                        text23       000000
__Ltext24                        text24       000000
__Ltext25                        text25       000000
__Ltext26                        text26       000000
__Ltext27                        text27       000000
__Ltext28                        text28       000000
__Ltext29                        text29       000000
__Ltext3                         text3        000000
__Ltext30                        text30       000000
__Ltext31                        text31       000000
__Ltext32                        text32       000000
__Ltext33                        text33       000000
__Ltext34                        text34       000000
__Ltext35                        text35       000000
__Ltext36                        text36       000000
__Ltext37                        text37       000000
__Ltext38                        text38       000000
__Ltext39                        text39       000000
__Ltext4                         text4        000000
__Ltext40                        text40       000000
__Ltext41                        text41       000000
__Ltext42                        text42       000000
__Ltext43                        text43       000000
__Ltext44                        text44       000000
__Ltext45                        text45       000000
__Ltext46                        text46       000000
__Ltext5                         text5        000000
__Ltext6                         text6        000000
__Ltext7                         text7        000000
__Ltext8                         text8        000000
__Ltext9                         text9        000000
__S0                             (abs)        30000E
__S1                             (abs)        0000E7
__S2                             (abs)        000000
___inthi_sp                      stack        000000
___intlo_sp                      stack        000000
___lldiv                         text46       001C54
___lldiv@counter                 cstackCOMRAM 000035
___lldiv@dividend                cstackCOMRAM 000029
___lldiv@divisor                 cstackCOMRAM 00002D
___lldiv@quotient                cstackCOMRAM 000031
___lmul                          text42       001F60
___lmul@multiplicand             cstackCOMRAM 000021
___lmul@multiplier               cstackCOMRAM 00001D
___lmul@product                  cstackCOMRAM 000025
___lwdiv                         text38       001FB6
___lwdiv@counter                 cstackCOMRAM 000023
___lwdiv@dividend                cstackCOMRAM 00001D
___lwdiv@divisor                 cstackCOMRAM 00001F
___lwdiv@quotient                cstackCOMRAM 000021
___lwmod                         text18       0020E4
___lwmod@counter                 cstackCOMRAM 000028
___lwmod@dividend                cstackCOMRAM 000024
___lwmod@divisor                 cstackCOMRAM 000026
___param_bank                    (abs)        000000
___rparam_used                   (abs)        000001
___sp                            stack        000000
___wmul                          text17       002344
___wmul@multiplicand             cstackCOMRAM 00001F
___wmul@multiplier               cstackCOMRAM 00001D
___wmul@product                  cstackCOMRAM 000021
__accesstop                      (abs)        000080
__activetblptr                   (abs)        000002
__end_of_ADC                     smallconst   00100E
__end_of___lldiv                 text46       001CD6
__end_of___lmul                  text42       001FB6
__end_of___lwdiv                 text38       002008
__end_of___lwmod                 text18       002126
__end_of___wmul                  text17       00236A
__end_of__initialization         cinit        00204A
__end_of_adc_average_raw         text43       001C54
__end_of_adc_raw_to_mv           text41       001F60
__end_of_buzzer_beep             text40       002344
__end_of_delay_cycles            text29       002318
__end_of_delay_ms                text45       002390
__end_of_delay_ms_var            text39       002472
__end_of_delay_us_var            text37       001F0A
__end_of_dpowers                 smallconst   001018
__end_of_execute_part2_radar     text14       0018F4
__end_of_hcsr04_read_filtered    text30       00176C
__end_of_hcsr04_read_once        text32       001B20
__end_of_initADC                 text13       002438
__end_of_initPorts               text12       0020E4
__end_of_initServoTimer3         text11       002220
__end_of_initTimer1              text10       0024C4
__end_of_is_byte_available       text9        00248A
__end_of_isdigit                 text16       002456
__end_of_isr                     intcode_body 001A2C
__end_of_lcd_clear_line          text8        0022EA
__end_of_lcd_gotoxy              text26       002168
__end_of_lcd_init                text7        001DB2
__end_of_lcd_putc                text25       001EB4
__end_of_lcd_puts                text24       001E5E
__end_of_lcd_send_byte           text27       0020A0
__end_of_lcd_send_nibble         text28       0023FA
__end_of_lm35_celsius_x10        text6        001E08
__end_of_main                    text0        0013A6
__end_of_radar_next_angle        text23       002256
__end_of_readADC_raw             text44       00228A
__end_of_read_byte_no_lib        text5        0024E8
__end_of_send_byte_no_lib        text22       0024D4
__end_of_send_string_no_lib      text21       0023D8
__end_of_servo_angle_to_us       text20       001D4E
__end_of_servo_set_angle         text19       0022BC
__end_of_servo_start             text4        0021E4
__end_of_servo_stop              text3        0024E0
__end_of_setupSerial             text2        0023B4
__end_of_sort_samples            text31       001BC6
__end_of_soundBuzzer             text1        0021A6
__end_of_sprintf                 text15       001598
__end_of_timer1_read_us          text34       0024A0
__end_of_timer1_start_us         text36       0024B4
__end_of_timer1_stop             text35       0024F4
__end_of_timer1_timeout          text33       00241A
__initialization                 cinit        002008
__mediumconst                    mediumconst  000000
__pbssBANK0                      bssBANK0     0000E1
__pbssCOMRAM                     bssCOMRAM    000048
__pcinit                         cinit        002008
__pcstackBANK0                   cstackBANK0  000080
__pcstackCOMRAM                  cstackCOMRAM 000001
__pdataBANK0                     dataBANK0    0000E6
__pdataCOMRAM                    dataCOMRAM   000042
__pidataBANK0                    idataBANK0   0024F4
__pidataCOMRAM                   idataCOMRAM  0024E8
__pintcode                       intcode      000308
__pintcode_body                  intcode_body 0018F4
__psmallconst                    smallconst   001000
__ptext0                         text0        00108E
__ptext1                         text1        002168
__ptext10                        text10       0024B4
__ptext11                        text11       0021E4
__ptext12                        text12       0020A0
__ptext13                        text13       00241A
__ptext14                        text14       00176C
__ptext15                        text15       0013A6
__ptext16                        text16       002438
__ptext17                        text17       002344
__ptext18                        text18       0020E4
__ptext19                        text19       00228A
__ptext2                         text2        002390
__ptext20                        text20       001CD6
__ptext21                        text21       0023B4
__ptext22                        text22       0024C4
__ptext23                        text23       002220
__ptext24                        text24       001E08
__ptext25                        text25       001E5E
__ptext26                        text26       002126
__ptext27                        text27       002058
__ptext28                        text28       0023D8
__ptext29                        text29       0022EA
__ptext3                         text3        0024D4
__ptext30                        text30       001598
__ptext31                        text31       001B20
__ptext32                        text32       001A2C
__ptext33                        text33       0023FA
__ptext34                        text34       00248A
__ptext35                        text35       0024EE
__ptext36                        text36       0024A0
__ptext37                        text37       001EB4
__ptext38                        text38       001FB6
__ptext39                        text39       002456
__ptext4                         text4        0021A6
__ptext40                        text40       002318
__ptext41                        text41       001F0A
__ptext42                        text42       001F60
__ptext43                        text43       001BC6
__ptext44                        text44       002256
__ptext45                        text45       00236A
__ptext46                        text46       001C54
__ptext5                         text5        0024E0
__ptext6                         text6        001DB2
__ptext7                         text7        001D4E
__ptext8                         text8        0022BC
__ptext9                         text9        002472
__ramtop                         ramtop       001000
__size_of___lldiv                (abs)        000000
__size_of___lmul                 (abs)        000000
__size_of___lwdiv                (abs)        000000
__size_of___lwmod                (abs)        000000
__size_of___wmul                 (abs)        000000
__size_of_adc_average_raw        (abs)        000000
__size_of_adc_raw_to_mv          (abs)        000000
__size_of_buzzer_beep            (abs)        000000
__size_of_delay_cycles           (abs)        000000
__size_of_delay_ms               (abs)        000000
__size_of_delay_ms_var           (abs)        000000
__size_of_delay_us_var           (abs)        000000
__size_of_execute_part2_radar    (abs)        000000
__size_of_hcsr04_read_filtered   (abs)        000000
__size_of_hcsr04_read_once       (abs)        000000
__size_of_initADC                (abs)        000000
__size_of_initPorts              (abs)        000000
__size_of_initServoTimer3        (abs)        000000
__size_of_initTimer1             (abs)        000000
__size_of_is_byte_available      (abs)        000000
__size_of_isdigit                (abs)        000000
__size_of_isr                    (abs)        000000
__size_of_lcd_clear_line         (abs)        000000
__size_of_lcd_gotoxy             (abs)        000000
__size_of_lcd_init               (abs)        000000
__size_of_lcd_putc               (abs)        000000
__size_of_lcd_puts               (abs)        000000
__size_of_lcd_send_byte          (abs)        000000
__size_of_lcd_send_nibble        (abs)        000000
__size_of_lm35_celsius_x10       (abs)        000000
__size_of_main                   (abs)        000000
__size_of_radar_next_angle       (abs)        000000
__size_of_readADC_raw            (abs)        000000
__size_of_read_byte_no_lib       (abs)        000000
__size_of_send_byte_no_lib       (abs)        000000
__size_of_send_string_no_lib     (abs)        000000
__size_of_servo_angle_to_us      (abs)        000000
__size_of_servo_set_angle        (abs)        000000
__size_of_servo_start            (abs)        000000
__size_of_servo_stop             (abs)        000000
__size_of_setupSerial            (abs)        000000
__size_of_sort_samples           (abs)        000000
__size_of_soundBuzzer            (abs)        000000
__size_of_sprintf                (abs)        000000
__size_of_timer1_read_us         (abs)        000000
__size_of_timer1_start_us        (abs)        000000
__size_of_timer1_stop            (abs)        000000
__size_of_timer1_timeout         (abs)        000000
__smallconst                     smallconst   001000
_adc_average_raw                 text43       001BC6
_adc_raw_to_mv                   text41       001F0A
_buzzer_beep                     text40       002318
_counter                         bssBANK0     0000E1
_delay_cycles                    text29       0022EA
_delay_ms                        text45       00236A
_delay_ms_var                    text39       002456
_delay_us_var                    text37       001EB4
_dpowers                         smallconst   00100E
_execute_part2_radar             text14       00176C
_hcsr04_read_filtered            text30       001598
_hcsr04_read_once                text32       001A2C
_initADC                         text13       00241A
_initPorts                       text12       0020A0
_initServoTimer3                 text11       0021E4
_initTimer1                      text10       0024B4
_is_byte_available               text9        002472
_isdigit                         text16       002438
_isdigit$1629                    cstackCOMRAM 00001E
_isr                             intcode      000308
_lcd                             (abs)        000F83
_lcd_clear_line                  text8        0022BC
_lcd_gotoxy                      text26       002126
_lcd_init                        text7        001D4E
_lcd_putc                        text25       001E5E
_lcd_puts                        text24       001E08
_lcd_send_byte                   text27       002058
_lcd_send_nibble                 text28       0023D8
_lm35_celsius_x10                text6        001DB2
_main                            text0        00108E
_main$2026                       cstackBANK0  0000D2
_main$2027                       cstackBANK0  0000D4
_main$2028                       cstackBANK0  0000D6
_main$2029                       cstackBANK0  0000D8
_radar_next_angle                text23       002220
_readADC_raw                     text44       002256
_read_byte_no_lib                text5        0024E0
_send_byte_no_lib                text22       0024C4
_send_string_no_lib              text21       0023B4
_servo_angle_to_us               text20       001CD6
_servo_set_angle                 text19       00228A
_servo_start                     text4        0021A6
_servo_stop                      text3        0024D4
_setupSerial                     text2        002390
_sort_samples                    text31       001B20
_soundBuzzer                     text1        002168
_sprintf                         text15       0013A6
_timer1_read_us                  text34       00248A
_timer1_start_us                 text36       0024A0
_timer1_stop                     text35       0024EE
_timer1_timeout                  text33       0023FA
adc_average_raw@channel          cstackCOMRAM 00003E
adc_average_raw@i                cstackCOMRAM 00003D
adc_average_raw@samples          cstackCOMRAM 000036
adc_average_raw@sum              cstackCOMRAM 000039
adc_raw_to_mv@raw_value          cstackCOMRAM 000036
btemp                            temp         00004A
buzzer_beep@cycles               cstackCOMRAM 00001D
buzzer_beep@i                    cstackCOMRAM 00001E
delay_cycles@n                   cstackCOMRAM 000020
delay_cycles@x                   cstackCOMRAM 000021
delay_ms@n                       cstackCOMRAM 00001D
delay_ms@x                       cstackCOMRAM 00001F
delay_ms_var@ms                  cstackCOMRAM 00001D
delay_us_var@us                  cstackCOMRAM 00001D
end_of_initialization            cinit        00204A
execute_part2_radar@Buffer       cstackBANK0  000098
execute_part2_radar@SerialBuffer cstackBANK0  000080
execute_part2_radar@angle_now    cstackBANK0  0000AB
execute_part2_radar@distance_cm  cstackBANK0  0000A9
hcsr04_read_filtered@distance_cm cstackCOMRAM 00002B
hcsr04_read_filtered@i           cstackCOMRAM 000037
hcsr04_read_filtered@lower_delta cstackCOMRAM 000031
hcsr04_read_filtered@reading     cstackCOMRAM 000035
hcsr04_read_filtered@samples     cstackCOMRAM 000039
hcsr04_read_filtered@upper_delta cstackCOMRAM 000033
hcsr04_read_filtered@valid       cstackCOMRAM 000038
hcsr04_read_once@cm              cstackCOMRAM 000029
hcsr04_read_once@distance_cm     cstackCOMRAM 000025
hcsr04_read_once@pulse_us        cstackCOMRAM 000027
initServoTimer3@reload_value     cstackCOMRAM 00001D
int$flags                        temp         00004A
int_func                         intcode_body 0018F4
intlevel0                        text         000000
intlevel1                        text         000000
intlevel2                        text         000000
intlevel3                        text         000000
isdigit@c                        cstackCOMRAM 00001F
isr@interval_us                  cstackCOMRAM 000017
isr@reload_value                 cstackCOMRAM 000019
lcd_clear_line@i                 cstackCOMRAM 00002C
lcd_clear_line@row               cstackCOMRAM 00002B
lcd_gotoxy@address               cstackCOMRAM 000029
lcd_gotoxy@x                     cstackCOMRAM 000028
lcd_gotoxy@y                     cstackCOMRAM 000027
lcd_init@i                       cstackCOMRAM 000027
lcd_putc@c                       cstackCOMRAM 00002A
lcd_puts@s                       cstackCOMRAM 00002B
lcd_send_byte@cm_data            cstackCOMRAM 000026
lcd_send_byte@n                  cstackCOMRAM 000025
lcd_send_nibble@n                cstackCOMRAM 000024
lm35_celsius_x10@raw_value       cstackCOMRAM 000036
main@Buffer                      cstackBANK0  0000AC
main@pot_raw                     cstackBANK0  0000CE
main@receivedMsg                 cstackBANK0  0000E0
main@temp_raw                    cstackBANK0  0000CC
main@temp_x10                    cstackBANK0  0000DA
main@update_timer                cstackBANK0  0000DE
main@volt_mv                     cstackBANK0  0000D0
main@volt_x10                    cstackBANK0  0000DC
readADC_raw@channel              cstackCOMRAM 000023
readADC_raw@raw_value            cstackCOMRAM 000021
read_byte_no_lib@c               cstackCOMRAM 00001D
send_byte_no_lib@c               cstackCOMRAM 00001D
send_string_no_lib@p             cstackCOMRAM 00001E
servo_angle_to_us@angle          cstackCOMRAM 00003C
servo_angle_to_us@pulse_us       cstackCOMRAM 000038
servo_set_angle@angle            cstackCOMRAM 000040
servo_set_angle@pulse_us         cstackCOMRAM 00003D
servo_set_angle@tmr3ie           cstackCOMRAM 00003F
servo_start@reload_value         cstackCOMRAM 00001E
servo_start@tmr3ie               cstackCOMRAM 00001D
setupSerial@dummy                cstackCOMRAM 00001D
sort_samples@count               cstackCOMRAM 00001F
sort_samples@i                   cstackCOMRAM 000027
sort_samples@j                   cstackCOMRAM 000026
sort_samples@samples             cstackCOMRAM 00001D
sort_samples@temp                cstackCOMRAM 000024
soundBuzzer@i                    cstackCOMRAM 000021
sprintf@ap                       cstackCOMRAM 00003A
sprintf@c                        cstackCOMRAM 000041
sprintf@f                        cstackCOMRAM 00002B
sprintf@flag                     cstackCOMRAM 000039
sprintf@prec                     cstackCOMRAM 00003E
sprintf@sp                       cstackCOMRAM 000029
sprintf@val                      cstackCOMRAM 00003C
sprintf@width                    cstackCOMRAM 00003F
stackhi                          (abs)        000F7F
stacklo                          (abs)        0000E7
start                            init         00030E
start_initialization             cinit        002008
timer1_read_us@high_byte         cstackCOMRAM 000022
timer1_read_us@low_byte          cstackCOMRAM 000021
timer1_timeout@timeout_us        cstackCOMRAM 000023
wtemp6                           temp         00004B


FUNCTION INFORMATION:

 *************** function _main *****************
 Defined at:
		line 191 in file "ourProject.c"
 Parameters:    Size  Location     Type
		None
 Auto vars:     Size  Location     Type
  Buffer         32   44[BANK0 ] unsigned char [32]
  update_timer    2   94[BANK0 ] int 
  volt_x10        2   92[BANK0 ] unsigned int 
  temp_x10        2   90[BANK0 ] unsigned int 
  volt_mv         2   80[BANK0 ] unsigned int 
  pot_raw         2   78[BANK0 ] unsigned int 
  temp_raw        2   76[BANK0 ] unsigned int 
  receivedMsg     1   96[BANK0 ] unsigned char 
 Return value:  Size  Location     Type
                  1    wreg      void 
 Registers used:
		wreg, fsr0l, fsr0h, fsr1l, fsr1h, fsr2l, fsr2h, status,2, status,0, tblptrl, tblptrh, tblptru, prodl, prodh, cstack
 Tracked objects:
		On entry : 
		On exit  : 
		Unchanged: 
 Data sizes:     COMRAM   BANK0   BANK1   BANK2   BANK3   BANK4   BANK5   BANK6   BANK7   BANK8   BANK9  BANK10  BANK11  BANK12  BANK13  BANK14  BANK15
      Params:         0       0       0       0       0       0       0       0       0       0       0       0       0       0       0       0       0
      Locals:         0      53       0       0       0       0       0       0       0       0       0       0       0       0       0       0       0
      Temps:          0       0       0       0       0       0       0       0       0       0       0       0       0       0       0       0       0
      Totals:         0      53       0       0       0       0       0       0       0       0       0       0       0       0       0       0       0
Total ram usage:       53 bytes
 Hardware stack levels required when called:    8
 This function calls:
		___lwdiv
		___lwmod
		_adc_average_raw
		_adc_raw_to_mv
		_delay_ms
		_execute_part2_radar
		_initADC
		_initPorts
		_initServoTimer3
		_initTimer1
		_is_byte_available
		_lcd_clear_line
		_lcd_gotoxy
		_lcd_init
		_lcd_putc
		_lcd_puts
		_lm35_celsius_x10
		_read_byte_no_lib
		_send_byte_no_lib
		_servo_set_angle
		_servo_start
		_servo_stop
		_setupSerial
		_soundBuzzer
		_sprintf
 This function is called by:
		Startup code after reset
 This function uses a non-reentrant model


 *************** function _soundBuzzer *****************
 Defined at:
		line 170 in file "ourProject.c"
 Parameters:    Size  Location     Type
		None
 Auto vars:     Size  Location     Type
  i               2   32[COMRAM] int 
 Return value:  Size  Location     Type
                  1    wreg      void 
 Registers used:
		wreg, status,2, status,0, cstack
 Tracked objects:
		On entry : 
		On exit  : 
		Unchanged: 
 Data sizes:     COMRAM   BANK0   BANK1   BANK2   BANK3   BANK4   BANK5   BANK6   BANK7   BANK8   BANK9  BANK10  BANK11  BANK12  BANK13  BANK14  BANK15
      Params:         0       0       0       0       0       0       0       0       0       0       0       0       0       0       0       0       0
      Locals:         2       0       0       0       0       0       0       0       0       0       0       0       0       0       0       0       0
      Temps:          0       0       0       0       0       0       0       0       0       0       0       0       0       0       0       0       0
      Totals:         2       0       0       0       0       0       0       0       0       0       0       0       0       0       0       0       0
Total ram usage:        2 bytes
 Hardware stack levels used:    1
 Hardware stack levels required when called:    2
 This function calls:
		_delay_ms
 This function is called by:
		_main
 This function uses a non-reentrant model


 *************** function _setupSerial *****************
 Defined at:
		line 3 in file "my_ser.c"
 Parameters:    Size  Location     Type
		None
 Auto vars:     Size  Location     Type
  dummy           1   28[COMRAM] unsigned char 
 Return value:  Size  Location     Type
                  1    wreg      void 
 Registers used:
		wreg, status,2
 Tracked objects:
		On entry : 
		On exit  : 
		Unchanged: 
 Data sizes:     COMRAM   BANK0   BANK1   BANK2   BANK3   BANK4   BANK5   BANK6   BANK7   BANK8   BANK9  BANK10  BANK11  BANK12  BANK13  BANK14  BANK15
      Params:         0       0       0       0       0       0       0       0       0       0       0       0       0       0       0       0       0
      Locals:         1       0       0       0       0       0       0       0       0       0       0       0       0       0       0       0       0
      Temps:          0       0       0       0       0       0       0       0       0       0       0       0       0       0       0       0       0
      Totals:         1       0       0       0       0       0       0       0       0       0       0       0       0       0       0       0       0
Total ram usage:        1 bytes
 Hardware stack levels used:    1
 Hardware stack levels required when called:    1
 This function calls:
		Nothing
 This function is called by:
		_main
 This function uses a non-reentrant model


 *************** function _servo_stop *****************
 Defined at:
		line 519 in file "ourProject.c"
 Parameters:    Size  Location     Type
		None
 Auto vars:     Size  Location     Type
		None
 Return value:  Size  Location     Type
                  1    wreg      void 
 Registers used:
		wreg, status,2
 Tracked objects:
		On entry : 
		On exit  : 
		Unchanged: 
 Data sizes:     COMRAM   BANK0   BANK1   BANK2   BANK3   BANK4   BANK5   BANK6   BANK7   BANK8   BANK9  BANK10  BANK11  BANK12  BANK13  BANK14  BANK15
      Params:         0       0       0       0       0       0       0       0       0       0       0       0       0       0       0       0       0
      Locals:         0       0       0       0       0       0       0       0       0       0       0       0       0       0       0       0       0
      Temps:          0       0       0       0       0       0       0       0       0       0       0       0       0       0       0       0       0
      Totals:         0       0       0       0       0       0       0       0       0       0       0       0       0       0       0       0       0
Total ram usage:        0 bytes
 Hardware stack levels used:    1
 Hardware stack levels required when called:    1
 This function calls:
		Nothing
 This function is called by:
		_main
 This function uses a non-reentrant model


 *************** function _servo_start *****************
 Defined at:
		line 498 in file "ourProject.c"
 Parameters:    Size  Location     Type
		None
 Auto vars:     Size  Location     Type
  reload_value    4   29[COMRAM] unsigned long 
  tmr3ie          1   28[COMRAM] unsigned char 
 Return value:  Size  Location     Type
                  1    wreg      void 
 Registers used:
		wreg, status,2
 Tracked objects:
		On entry : 
		On exit  : 
		Unchanged: 
 Data sizes:     COMRAM   BANK0   BANK1   BANK2   BANK3   BANK4   BANK5   BANK6   BANK7   BANK8   BANK9  BANK10  BANK11  BANK12  BANK13  BANK14  BANK15
      Params:         0       0       0       0       0       0       0       0       0       0       0       0       0       0       0       0       0
      Locals:         5       0       0       0       0       0       0       0       0       0       0       0       0       0       0       0       0
      Temps:          0       0       0       0       0       0       0       0       0       0       0       0       0       0       0       0       0
      Totals:         5       0       0       0       0       0       0       0       0       0       0       0       0       0       0       0       0
Total ram usage:        5 bytes
 Hardware stack levels used:    1
 Hardware stack levels required when called:    1
 This function calls:
		Nothing
 This function is called by:
		_main
 This function uses a non-reentrant model


 *************** function _read_byte_no_lib *****************
 Defined at:
		line 33 in file "my_ser.c"
 Parameters:    Size  Location     Type
		None
 Auto vars:     Size  Location     Type
  c               1   28[COMRAM] unsigned char 
 Return value:  Size  Location     Type
                  1    wreg      unsigned char 
 Registers used:
		wreg, status,2
 Tracked objects:
		On entry : 
		On exit  : 
		Unchanged: 
 Data sizes:     COMRAM   BANK0   BANK1   BANK2   BANK3   BANK4   BANK5   BANK6   BANK7   BANK8   BANK9  BANK10  BANK11  BANK12  BANK13  BANK14  BANK15
      Params:         0       0       0       0       0       0       0       0       0       0       0       0       0       0       0       0       0
      Locals:         1       0       0       0       0       0       0       0       0       0       0       0       0       0       0       0       0
      Temps:          0       0       0       0       0       0       0       0       0       0       0       0       0       0       0       0       0
      Totals:         1       0       0       0       0       0       0       0       0       0       0       0       0       0       0       0       0
Total ram usage:        1 bytes
 Hardware stack levels used:    1
 Hardware stack levels required when called:    1
 This function calls:
		Nothing
 This function is called by:
		_main
 This function uses a non-reentrant model


 *************** function _lm35_celsius_x10 *****************
 Defined at:
		line 437 in file "ourProject.c"
 Parameters:    Size  Location     Type
  raw_value       2   53[COMRAM] unsigned int 
 Auto vars:     Size  Location     Type
		None
 Return value:  Size  Location     Type
                  2   53[COMRAM] unsigned int 
 Registers used:
		wreg, status,2, status,0, cstack
 Tracked objects:
		On entry : 
		On exit  : 
		Unchanged: 
 Data sizes:     COMRAM   BANK0   BANK1   BANK2   BANK3   BANK4   BANK5   BANK6   BANK7   BANK8   BANK9  BANK10  BANK11  BANK12  BANK13  BANK14  BANK15
      Params:         2       0       0       0       0       0       0       0       0       0       0       0       0       0       0       0       0
      Locals:         0       0       0       0       0       0       0       0       0       0       0       0       0       0       0       0       0
      Temps:          0       0       0       0       0       0       0       0       0       0       0       0       0       0       0       0       0
      Totals:         2       0       0       0       0       0       0       0       0       0       0       0       0       0       0       0       0
Total ram usage:        2 bytes
 Hardware stack levels used:    1
 Hardware stack levels required when called:    2
 This function calls:
		___lldiv
		___lmul
 This function is called by:
		_main
 This function uses a non-reentrant model


 *************** function _lcd_init *****************
 Defined at:
		line 56 in file "lcd_x8.c"
 Parameters:    Size  Location     Type
		None
 Auto vars:     Size  Location     Type
  i               1   38[COMRAM] unsigned char 
 Return value:  Size  Location     Type
                  1    wreg      void 
 Registers used:
		wreg, fsr2l, fsr2h, status,2, status,0, prodl, prodh, cstack
 Tracked objects:
		On entry : 
		On exit  : 
		Unchanged: 
 Data sizes:     COMRAM   BANK0   BANK1   BANK2   BANK3   BANK4   BANK5   BANK6   BANK7   BANK8   BANK9  BANK10  BANK11  BANK12  BANK13  BANK14  BANK15
      Params:         0       0       0       0       0       0       0       0       0       0       0       0       0       0       0       0       0
      Locals:         1       0       0       0       0       0       0       0       0       0       0       0       0       0       0       0       0
      Temps:          0       0       0       0       0       0       0       0       0       0       0       0       0       0       0       0       0
      Totals:         1       0       0       0       0       0       0       0       0       0       0       0       0       0       0       0       0
Total ram usage:        1 bytes
 Hardware stack levels used:    1
 Hardware stack levels required when called:    4
 This function calls:
		_delay_ms
		_lcd_send_byte
		_lcd_send_nibble
 This function is called by:
		_main
 This function uses a non-reentrant model


 *************** function _lcd_clear_line *****************
 Defined at:
		line 181 in file "ourProject.c"
 Parameters:    Size  Location     Type
  row             1    wreg     unsigned char 
 Auto vars:     Size  Location     Type
  row             1   42[COMRAM] unsigned char 
  i               1   43[COMRAM] unsigned char 
 Return value:  Size  Location     Type
                  1    wreg      void 
 Registers used:
		wreg, status,2, status,0, cstack
 Tracked objects:
		On entry : 
		On exit  : 
		Unchanged: 
 Data sizes:     COMRAM   BANK0   BANK1   BANK2   BANK3   BANK4   BANK5   BANK6   BANK7   BANK8   BANK9  BANK10  BANK11  BANK12  BANK13  BANK14  BANK15
      Params:         0       0       0       0       0       0       0       0       0       0       0       0       0       0       0       0       0
      Locals:         2       0       0       0       0       0       0       0       0       0       0       0       0       0       0       0       0
      Temps:          0       0       0       0       0       0       0       0       0       0       0       0       0       0       0       0       0
      Totals:         2       0       0       0       0       0       0       0       0       0       0       0       0       0       0       0       0
Total ram usage:        2 bytes
 Hardware stack levels used:    1
 Hardware stack levels required when called:    6
 This function calls:
		_lcd_gotoxy
		_lcd_putc
 This function is called by:
		_main
 This function uses a non-reentrant model


 *************** function _is_byte_available *****************
 Defined at:
		line 21 in file "my_ser.c"
 Parameters:    Size  Location     Type
		None
 Auto vars:     Size  Location     Type
		None
 Return value:  Size  Location     Type
                  1    wreg      unsigned char 
 Registers used:
		wreg
 Tracked objects:
		On entry : 
		On exit  : 
		Unchanged: 
 Data sizes:     COMRAM   BANK0   BANK1   BANK2   BANK3   BANK4   BANK5   BANK6   BANK7   BANK8   BANK9  BANK10  BANK11  BANK12  BANK13  BANK14  BANK15
      Params:         0       0       0       0       0       0       0       0       0       0       0       0       0       0       0       0       0
      Locals:         0       0       0       0       0       0       0       0       0       0       0       0       0       0       0       0       0
      Temps:          0       0       0       0       0       0       0       0       0       0       0       0       0       0       0       0       0
      Totals:         0       0       0       0       0       0       0       0       0       0       0       0       0       0       0       0       0
Total ram usage:        0 bytes
 Hardware stack levels used:    1
 Hardware stack levels required when called:    1
 This function calls:
		Nothing
 This function is called by:
		_main
 This function uses a non-reentrant model


 *************** function _initTimer1 *****************
 Defined at:
		line 325 in file "ourProject.c"
 Parameters:    Size  Location     Type
		None
 Auto vars:     Size  Location     Type
		None
 Return value:  Size  Location     Type
                  1    wreg      void 
 Registers used:
		wreg, status,2
 Tracked objects:
		On entry : 
		On exit  : 
		Unchanged: 
 Data sizes:     COMRAM   BANK0   BANK1   BANK2   BANK3   BANK4   BANK5   BANK6   BANK7   BANK8   BANK9  BANK10  BANK11  BANK12  BANK13  BANK14  BANK15
      Params:         0       0       0       0       0       0       0       0       0       0       0       0       0       0       0       0       0
      Locals:         0       0       0       0       0       0       0       0       0       0       0       0       0       0       0       0       0
      Temps:          0       0       0       0       0       0       0       0       0       0       0       0       0       0       0       0       0
      Totals:         0       0       0       0       0       0       0       0       0       0       0       0       0       0       0       0       0
Total ram usage:        0 bytes
 Hardware stack levels used:    1
 Hardware stack levels required when called:    1
 This function calls:
		Nothing
 This function is called by:
		_main
 This function uses a non-reentrant model


 *************** function _initServoTimer3 *****************
 Defined at:
		line 332 in file "ourProject.c"
 Parameters:    Size  Location     Type
		None
 Auto vars:     Size  Location     Type
  reload_value    4   28[COMRAM] unsigned long 
 Return value:  Size  Location     Type
                  1    wreg      void 
 Registers used:
		wreg, status,2
 Tracked objects:
		On entry : 
		On exit  : 
		Unchanged: 
 Data sizes:     COMRAM   BANK0   BANK1   BANK2   BANK3   BANK4   BANK5   BANK6   BANK7   BANK8   BANK9  BANK10  BANK11  BANK12  BANK13  BANK14  BANK15
      Params:         0       0       0       0       0       0       0       0       0       0       0       0       0       0       0       0       0
      Locals:         4       0       0       0       0       0       0       0       0       0       0       0       0       0       0       0       0
      Temps:          0       0       0       0       0       0       0       0       0       0       0       0       0       0       0       0       0
      Totals:         4       0       0       0       0       0       0       0       0       0       0       0       0       0       0       0       0
Total ram usage:        4 bytes
 Hardware stack levels used:    1
 Hardware stack levels required when called:    1
 This function calls:
		Nothing
 This function is called by:
		_main
 This function uses a non-reentrant model


 *************** function _initPorts *****************
 Defined at:
		line 700 in file "ourProject.c"
 Parameters:    Size  Location     Type
		None
 Auto vars:     Size  Location     Type
		None
 Return value:  Size  Location     Type
                  1    wreg      void 
 Registers used:
		wreg, status,2
 Tracked objects:
		On entry : 
		On exit  : 
		Unchanged: 
 Data sizes:     COMRAM   BANK0   BANK1   BANK2   BANK3   BANK4   BANK5   BANK6   BANK7   BANK8   BANK9  BANK10  BANK11  BANK12  BANK13  BANK14  BANK15
      Params:         0       0       0       0       0       0       0       0       0       0       0       0       0       0       0       0       0
      Locals:         0       0       0       0       0       0       0       0       0       0       0       0       0       0       0       0       0
      Temps:          0       0       0       0       0       0       0       0       0       0       0       0       0       0       0       0       0
      Totals:         0       0       0       0       0       0       0       0       0       0       0       0       0       0       0       0       0
Total ram usage:        0 bytes
 Hardware stack levels used:    1
 Hardware stack levels required when called:    1
 This function calls:
		Nothing
 This function is called by:
		_main
 This function uses a non-reentrant model


 *************** function _initADC *****************
 Defined at:
		line 3 in file "my_adc.c"
 Parameters:    Size  Location     Type
		None
 Auto vars:     Size  Location     Type
		None
 Return value:  Size  Location     Type
                  1    wreg      void 
 Registers used:
		wreg, status,2
 Tracked objects:
		On entry : 
		On exit  : 
		Unchanged: 
 Data sizes:     COMRAM   BANK0   BANK1   BANK2   BANK3   BANK4   BANK5   BANK6   BANK7   BANK8   BANK9  BANK10  BANK11  BANK12  BANK13  BANK14  BANK15
      Params:         0       0       0       0       0       0       0       0       0       0       0       0       0       0       0       0       0
      Locals:         0       0       0       0       0       0       0       0       0       0       0       0       0       0       0       0       0
      Temps:          0       0       0       0       0       0       0       0       0       0       0       0       0       0       0       0       0
      Totals:         0       0       0       0       0       0       0       0       0       0       0       0       0       0       0       0       0
Total ram usage:        0 bytes
 Hardware stack levels used:    1
 Hardware stack levels required when called:    1
 This function calls:
		Nothing
 This function is called by:
		_main
 This function uses a non-reentrant model


 *************** function _execute_part2_radar *****************
 Defined at:
		line 650 in file "ourProject.c"
 Parameters:    Size  Location     Type
		None
 Auto vars:     Size  Location     Type
  SerialBuffer   24    0[BANK0 ] unsigned char [24]
  Buffer         17   24[BANK0 ] unsigned char [17]
  distance_cm     2   41[BANK0 ] unsigned int 
  angle_now       1   43[BANK0 ] unsigned char 
 Return value:  Size  Location     Type
                  1    wreg      void 
 Registers used:
		wreg, fsr0l, fsr0h, fsr1l, fsr1h, fsr2l, fsr2h, status,2, status,0, tblptrl, tblptrh, tblptru, prodl, prodh, cstack
 Tracked objects:
		On entry : 
		On exit  : 
		Unchanged: 
 Data sizes:     COMRAM   BANK0   BANK1   BANK2   BANK3   BANK4   BANK5   BANK6   BANK7   BANK8   BANK9  BANK10  BANK11  BANK12  BANK13  BANK14  BANK15
      Params:         0       0       0       0       0       0       0       0       0       0       0       0       0       0       0       0       0
      Locals:         0      44       0       0       0       0       0       0       0       0       0       0       0       0       0       0       0
      Temps:          0       0       0       0       0       0       0       0       0       0       0       0       0       0       0       0       0
      Totals:         0      44       0       0       0       0       0       0       0       0       0       0       0       0       0       0       0
Total ram usage:       44 bytes
 Hardware stack levels used:    1
 Hardware stack levels required when called:    7
 This function calls:
		_buzzer_beep
		_delay_ms_var
		_hcsr04_read_filtered
		_lcd_gotoxy
		_lcd_puts
		_radar_next_angle
		_send_string_no_lib
		_servo_set_angle
		_sprintf
 This function is called by:
		_main
 This function uses a non-reentrant model


 *************** function _sprintf *****************
 Defined at:
		line 492 in file "C:\Program Files (x86)\Microchip\xc8\v1.45\sources\common\doprnt.c"
 Parameters:    Size  Location     Type
  sp              2   40[COMRAM] PTR unsigned char 
		 -> execute_part2_radar@Buffer(17), execute_part2_radar@SerialBuffer(24), main@Buffer(32), 
  f               2   42[COMRAM] PTR const unsigned char 
		 -> STR_9(7), STR_8(17), STR_5(8), STR_4(17), 
		 -> STR_3(10), STR_2(20), 
 Auto vars:     Size  Location     Type
  tmpval          4    0        struct .
  cp              3    0        PTR const unsigned char 
  width           2   62[COMRAM] int 
  val             2   59[COMRAM] unsigned int 
  ap              2   57[COMRAM] PTR void [1]
		 -> ?_sprintf(2), 
  len             2    0        unsigned int 
  c               1   64[COMRAM] char 
  prec            1   61[COMRAM] char 
  flag            1   56[COMRAM] unsigned char 
 Return value:  Size  Location     Type
                  2   40[COMRAM] int 
 Registers used:
		wreg, fsr2l, fsr2h, status,2, status,0, tblptrl, tblptrh, tblptru, prodl, prodh, cstack
 Tracked objects:
		On entry : 
		On exit  : 
		Unchanged: 
 Data sizes:     COMRAM   BANK0   BANK1   BANK2   BANK3   BANK4   BANK5   BANK6   BANK7   BANK8   BANK9  BANK10  BANK11  BANK12  BANK13  BANK14  BANK15
      Params:        12       0       0       0       0       0       0       0       0       0       0       0       0       0       0       0       0
      Locals:         9       0       0       0       0       0       0       0       0       0       0       0       0       0       0       0       0
      Temps:          4       0       0       0       0       0       0       0       0       0       0       0       0       0       0       0       0
      Totals:        25       0       0       0       0       0       0       0       0       0       0       0       0       0       0       0       0
Total ram usage:       25 bytes
 Hardware stack levels used:    1
 Hardware stack levels required when called:    2
 This function calls:
		___lwdiv
		___lwmod
		___wmul
		_isdigit
 This function is called by:
		_main
		_execute_part2_radar
 This function uses a non-reentrant model


 *************** function _isdigit *****************
 Defined at:
		line 8 in file "C:\Program Files (x86)\Microchip\xc8\v1.45\sources\common\isdigit.c"
 Parameters:    Size  Location     Type
  c               1    wreg     unsigned char 
 Auto vars:     Size  Location     Type
  c               1   30[COMRAM] unsigned char 
 Return value:  Size  Location     Type
		None               void
 Registers used:
		wreg, status,2, status,0
 Tracked objects:
		On entry : 
		On exit  : 
		Unchanged: 
 Data sizes:     COMRAM   BANK0   BANK1   BANK2   BANK3   BANK4   BANK5   BANK6   BANK7   BANK8   BANK9  BANK10  BANK11  BANK12  BANK13  BANK14  BANK15
      Params:         0       0       0       0       0       0       0       0       0       0       0       0       0       0       0       0       0
      Locals:         2       0       0       0       0       0       0       0       0       0       0       0       0       0       0       0       0
      Temps:          1       0       0       0       0       0       0       0       0       0       0       0       0       0       0       0       0
      Totals:         3       0       0       0       0       0       0       0       0       0       0       0       0       0       0       0       0
Total ram usage:        3 bytes
 Hardware stack levels used:    1
 Hardware stack levels required when called:    1
 This function calls:
		Nothing
 This function is called by:
		_sprintf
 This function uses a non-reentrant model


 *************** function ___wmul *****************
 Defined at:
		line 15 in file "C:\Program Files (x86)\Microchip\xc8\v1.45\sources\common\Umul16.c"
 Parameters:    Size  Location     Type
  multiplier      2   28[COMRAM] unsigned int 
  multiplicand    2   30[COMRAM] unsigned int 
 Auto vars:     Size  Location     Type
  product         2   32[COMRAM] unsigned int 
 Return value:  Size  Location     Type
                  2   28[COMRAM] unsigned int 
 Registers used:
		wreg, status,2, status,0, prodl, prodh
[...]
      Locals:         0       0       0       0       0       0       0       0       0       0       0       0       0       0       0       0       0
      Temps:          0       0       0       0       0       0       0       0       0       0       0       0       0       0       0       0       0
      Totals:         2       0       0       0       0       0       0       0       0       0       0       0       0       0       0       0       0
Total ram usage:        2 bytes
 Hardware stack levels used:    1
 Hardware stack levels required when called:    1
 This function calls:
		Nothing
 This function is called by:
		_hcsr04_read_once
 This function uses a non-reentrant model


 *************** function ___lwdiv *****************
 Defined at:
		line 8 in file "C:\Program Files (x86)\Microchip\xc8\v1.45\sources\common\lwdiv.c"
 Parameters:    Size  Location     Type
  dividend        2   28[COMRAM] unsigned int 
  divisor         2   30[COMRAM] unsigned int 
 Auto vars:     Size  Location     Type
  quotient        2   32[COMRAM] unsigned int 
  counter         1   34[COMRAM] unsigned char 
 Return value:  Size  Location     Type
                  2   28[COMRAM] unsigned int 
 Registers used:
		wreg, status,2, status,0
 Tracked objects:
		On entry : 
		On exit  : 
		Unchanged: 
 Data sizes:     COMRAM   BANK0   BANK1   BANK2   BANK3   BANK4   BANK5   BANK6   BANK7   BANK8   BANK9  BANK10  BANK11  BANK12  BANK13  BANK14  BANK15
      Params:         4       0       0       0       0       0       0       0       0       0       0       0       0       0       0       0       0
      Locals:         3       0       0       0       0       0       0       0       0       0       0       0       0       0       0       0       0
      Temps:          0       0       0       0       0       0       0       0       0       0       0       0       0       0       0       0       0
      Totals:         7       0       0       0       0       0       0       0       0       0       0       0       0       0       0       0       0
Total ram usage:        7 bytes
 Hardware stack levels used:    1
 Hardware stack levels required when called:    1
 This function calls:
		Nothing
 This function is called by:
		_main
		_hcsr04_read_once
		_sprintf
 This function uses a non-reentrant model


 *************** function _delay_ms_var *****************
 Defined at:
		line 373 in file "ourProject.c"
 Parameters:    Size  Location     Type
  ms              2   28[COMRAM] unsigned int 
 Auto vars:     Size  Location     Type
		None
 Return value:  Size  Location     Type
                  1    wreg      void 
 Registers used:
		wreg, status,2, status,0
 Tracked objects:
		On entry : 
		On exit  : 
		Unchanged: 
 Data sizes:     COMRAM   BANK0   BANK1   BANK2   BANK3   BANK4   BANK5   BANK6   BANK7   BANK8   BANK9  BANK10  BANK11  BANK12  BANK13  BANK14  BANK15
      Params:         2       0       0       0       0       0       0       0       0       0       0       0       0       0       0       0       0
      Locals:         0       0       0       0       0       0       0       0       0       0       0       0       0       0       0       0       0
      Temps:          0       0       0       0       0       0       0       0       0       0       0       0       0       0       0       0       0
      Totals:         2       0       0       0       0       0       0       0       0       0       0       0       0       0       0       0       0
Total ram usage:        2 bytes
 Hardware stack levels used:    1
 Hardware stack levels required when called:    1
 This function calls:
		Nothing
 This function is called by:
		_hcsr04_read_filtered
		_execute_part2_radar
 This function uses a non-reentrant model


 *************** function _buzzer_beep *****************
 Defined at:
		line 458 in file "ourProject.c"
 Parameters:    Size  Location     Type
  cycles          1    wreg     unsigned char 
 Auto vars:     Size  Location     Type
  cycles          1   28[COMRAM] unsigned char 
  i               1   29[COMRAM] unsigned char 
 Return value:  Size  Location     Type
                  1    wreg      void 
 Registers used:
		wreg, status,2, status,0, cstack
 Tracked objects:
		On entry : 
		On exit  : 
		Unchanged: 
 Data sizes:     COMRAM   BANK0   BANK1   BANK2   BANK3   BANK4   BANK5   BANK6   BANK7   BANK8   BANK9  BANK10  BANK11  BANK12  BANK13  BANK14  BANK15
      Params:         0       0       0       0       0       0       0       0       0       0       0       0       0       0       0       0       0
      Locals:         2       0       0       0       0       0       0       0       0       0       0       0       0       0       0       0       0
      Temps:          0       0       0       0       0       0       0       0       0       0       0       0       0       0       0       0       0
      Totals:         2       0       0       0       0       0       0       0       0       0       0       0       0       0       0       0       0
Total ram usage:        2 bytes
 Hardware stack levels used:    1
 Hardware stack levels required when called:    1
 This function calls:
		Nothing
 This function is called by:
		_execute_part2_radar
 This function uses a non-reentrant model


 *************** function _adc_raw_to_mv *****************
 Defined at:
		line 433 in file "ourProject.c"
 Parameters:    Size  Location     Type
  raw_value       2   53[COMRAM] unsigned int 
 Auto vars:     Size  Location     Type
		None
 Return value:  Size  Location     Type
                  2   53[COMRAM] unsigned int 
 Registers used:
		wreg, status,2, status,0, cstack
 Tracked objects:
		On entry : 
		On exit  : 
		Unchanged: 
 Data sizes:     COMRAM   BANK0   BANK1   BANK2   BANK3   BANK4   BANK5   BANK6   BANK7   BANK8   BANK9  BANK10  BANK11  BANK12  BANK13  BANK14  BANK15
      Params:         2       0       0       0       0       0       0       0       0       0       0       0       0       0       0       0       0
      Locals:         0       0       0       0       0       0       0       0       0       0       0       0       0       0       0       0       0
      Temps:          0       0       0       0       0       0       0       0       0       0       0       0       0       0       0       0       0
      Totals:         2       0       0       0       0       0       0       0       0       0       0       0       0       0       0       0       0
Total ram usage:        2 bytes
 Hardware stack levels used:    1
 Hardware stack levels required when called:    2
 This function calls:
		___lldiv
		___lmul
 This function is called by:
		_main
 This function uses a non-reentrant model


 *************** function ___lmul *****************
 Defined at:
		line 15 in file "C:\Program Files (x86)\Microchip\xc8\v1.45\sources\common\Umul32.c"
 Parameters:    Size  Location     Type
  multiplier      4   28[COMRAM] unsigned long 
  multiplicand    4   32[COMRAM] unsigned long 
 Auto vars:     Size  Location     Type
  product         4   36[COMRAM] unsigned long 
 Return value:  Size  Location     Type
                  4   28[COMRAM] unsigned long 
 Registers used:
		wreg, status,2, status,0
 Tracked objects:
		On entry : 
		On exit  : 
		Unchanged: 
 Data sizes:     COMRAM   BANK0   BANK1   BANK2   BANK3   BANK4   BANK5   BANK6   BANK7   BANK8   BANK9  BANK10  BANK11  BANK12  BANK13  BANK14  BANK15
      Params:         8       0       0       0       0       0       0       0       0       0       0       0       0       0       0       0       0
      Locals:         4       0       0       0       0       0       0       0       0       0       0       0       0       0       0       0       0
      Temps:          0       0       0       0       0       0       0       0       0       0       0       0       0       0       0       0       0
      Totals:        12       0       0       0       0       0       0       0       0       0       0       0       0       0       0       0       0
Total ram usage:       12 bytes
 Hardware stack levels used:    1
 Hardware stack levels required when called:    1
 This function calls:
		Nothing
 This function is called by:
		_adc_raw_to_mv
		_lm35_celsius_x10
		_servo_angle_to_us
 This function uses a non-reentrant model


 *************** function _adc_average_raw *****************
 Defined at:
		line 415 in file "ourProject.c"
 Parameters:    Size  Location     Type
  channel         1    wreg     unsigned char 
  samples         1   53[COMRAM] unsigned char 
 Auto vars:     Size  Location     Type
  channel         1   61[COMRAM] unsigned char 
  sum             4   56[COMRAM] unsigned long 
  i               1   60[COMRAM] unsigned char 
 Return value:  Size  Location     Type
                  2   53[COMRAM] unsigned int 
 Registers used:
		wreg, status,2, status,0, cstack
 Tracked objects:
		On entry : 
		On exit  : 
		Unchanged: 
 Data sizes:     COMRAM   BANK0   BANK1   BANK2   BANK3   BANK4   BANK5   BANK6   BANK7   BANK8   BANK9  BANK10  BANK11  BANK12  BANK13  BANK14  BANK15
      Params:         2       0       0       0       0       0       0       0       0       0       0       0       0       0       0       0       0
      Locals:         6       0       0       0       0       0       0       0       0       0       0       0       0       0       0       0       0
      Temps:          1       0       0       0       0       0       0       0       0       0       0       0       0       0       0       0       0
      Totals:         9       0       0       0       0       0       0       0       0       0       0       0       0       0       0       0       0
Total ram usage:        9 bytes
 Hardware stack levels used:    1
 Hardware stack levels required when called:    2
 This function calls:
		___lldiv
		_delay_ms
		_readADC_raw
 This function is called by:
		_main
 This function uses a non-reentrant model


 *************** function _readADC_raw *****************
 Defined at:
		line 15 in file "my_adc.c"
 Parameters:    Size  Location     Type
  channel         1    wreg     unsigned char 
 Auto vars:     Size  Location     Type
  channel         1   34[COMRAM] unsigned char 
  raw_value       2   32[COMRAM] unsigned int 
 Return value:  Size  Location     Type
                  2   28[COMRAM] int 
 Registers used:
		wreg, status,2, status,0
 Tracked objects:
		On entry : 
		On exit  : 
		Unchanged: 
 Data sizes:     COMRAM   BANK0   BANK1   BANK2   BANK3   BANK4   BANK5   BANK6   BANK7   BANK8   BANK9  BANK10  BANK11  BANK12  BANK13  BANK14  BANK15
      Params:         2       0       0       0       0       0       0       0       0       0       0       0       0       0       0       0       0
      Locals:         3       0       0       0       0       0       0       0       0       0       0       0       0       0       0       0       0
      Temps:          2       0       0       0       0       0       0       0       0       0       0       0       0       0       0       0       0
      Totals:         7       0       0       0       0       0       0       0       0       0       0       0       0       0       0       0       0
Total ram usage:        7 bytes
 Hardware stack levels used:    1
 Hardware stack levels required when called:    1
 This function calls:
		Nothing
 This function is called by:
		_adc_average_raw
		_readADC_voltage
 This function uses a non-reentrant model


 *************** function _delay_ms *****************
 Defined at:
		line 12 in file "lcd_x8.c"
 Parameters:    Size  Location     Type
  n               2   28[COMRAM] unsigned int 
 Auto vars:     Size  Location     Type
  x               2   30[COMRAM] int 
 Return value:  Size  Location     Type
                  1    wreg      void 
 Registers used:
		wreg, status,2, status,0
 Tracked objects:
		On entry : 
		On exit  : 
		Unchanged: 
 Data sizes:     COMRAM   BANK0   BANK1   BANK2   BANK3   BANK4   BANK5   BANK6   BANK7   BANK8   BANK9  BANK10  BANK11  BANK12  BANK13  BANK14  BANK15
      Params:         2       0       0       0       0       0       0       0       0       0       0       0       0       0       0       0       0
      Locals:         2       0       0       0       0       0       0       0       0       0       0       0       0       0       0       0       0
      Temps:          0       0       0       0       0       0       0       0       0       0       0       0       0       0       0       0       0
      Totals:         4       0       0       0       0       0       0       0       0       0       0       0       0       0       0       0       0
Total ram usage:        4 bytes
 Hardware stack levels used:    1
 Hardware stack levels required when called:    1
 This function calls:
		Nothing
 This function is called by:
		_lcd_send_byte
		_lcd_init
		_lcd_putc
		_soundBuzzer
		_main
		_adc_average_raw
 This function uses a non-reentrant model


 *************** function ___lldiv *****************
 Defined at:
		line 8 in file "C:\Program Files (x86)\Microchip\xc8\v1.45\sources\common\lldiv.c"
 Parameters:    Size  Location     Type
  dividend        4   40[COMRAM] unsigned long 
  divisor         4   44[COMRAM] unsigned long 
 Auto vars:     Size  Location     Type
  quotient        4   48[COMRAM] unsigned long 
  counter         1   52[COMRAM] unsigned char 
 Return value:  Size  Location     Type
                  4   40[COMRAM] unsigned long 
 Registers used:
		wreg, status,2, status,0
 Tracked objects:
		On entry : 
		On exit  : 
		Unchanged: 
 Data sizes:     COMRAM   BANK0   BANK1   BANK2   BANK3   BANK4   BANK5   BANK6   BANK7   BANK8   BANK9  BANK10  BANK11  BANK12  BANK13  BANK14  BANK15
      Params:         8       0       0       0       0       0       0       0       0       0       0       0       0       0       0       0       0
      Locals:         5       0       0       0       0       0       0       0       0       0       0       0       0       0       0       0       0
      Temps:          0       0       0       0       0       0       0       0       0       0       0       0       0       0       0       0       0
      Totals:        13       0       0       0       0       0       0       0       0       0       0       0       0       0       0       0       0
Total ram usage:       13 bytes
 Hardware stack levels used:    1
 Hardware stack levels required when called:    1
 This function calls:
		Nothing
 This function is called by:
		_adc_average_raw
		_adc_raw_to_mv
		_lm35_celsius_x10
		_servo_angle_to_us
 This function uses a non-reentrant model


 *************** function _isr *****************
 Defined at:
		line 135 in file "ourProject.c"
 Parameters:    Size  Location     Type
		None
 Auto vars:     Size  Location     Type
  reload_value    4   24[COMRAM] unsigned long 
  interval_us     2   22[COMRAM] unsigned int 
 Return value:  Size  Location     Type
                  1    wreg      void 
 Registers used:
		wreg, status,2, status,0
 Tracked objects:
		On entry : 
		On exit  : 
		Unchanged: 
 Data sizes:     COMRAM   BANK0   BANK1   BANK2   BANK3   BANK4   BANK5   BANK6   BANK7   BANK8   BANK9  BANK10  BANK11  BANK12  BANK13  BANK14  BANK15
      Params:         0       0       0       0       0       0       0       0       0       0       0       0       0       0       0       0       0
      Locals:         6       0       0       0       0       0       0       0       0       0       0       0       0       0       0       0       0
      Temps:         22       0       0       0       0       0       0       0       0       0       0       0       0       0       0       0       0
      Totals:        28       0       0       0       0       0       0       0       0       0       0       0       0       0       0       0       0
Total ram usage:       28 bytes
 Hardware stack levels used:    1
 This function calls:
		Nothing
 This function is called by:
		Interrupt level 2
 This function uses a non-reentrant model



MODULE INFORMATION

Module		Function		Class		Link	Load	Size
C:\Program Files (x86)\Microchip\xc8\v1.45\sources\common\doprnt.c
		_sprintf       		CODE           	13A6	0000	499

C:\Program Files (x86)\Microchip\xc8\v1.45\sources\common\doprnt.c estimated size: 499

C:\Program Files (x86)\Microchip\xc8\v1.45\sources\common\Umul16.c
		___wmul        		CODE           	2344	0000	39

C:\Program Files (x86)\Microchip\xc8\v1.45\sources\common\Umul16.c estimated size: 39

my_ser.c
		_send_byte_no_lib		CODE           	24C4	0000	17
		_is_byte_available		CODE           	2472	0000	25
		_read_byte_no_lib		CODE           	24E0	0000	9
		_setupSerial   		CODE           	2390	0000	37
		_send_string_no_lib		CODE           	23B4	0000	37

my_ser.c estimated size: 125

my_adc.c
		_initADC       		CODE           	241A	0000	31
		_readADC_raw   		CODE           	2256	0000	53

my_adc.c estimated size: 84

C:\Program Files (x86)\Microchip\xc8\v1.45\sources\common\isdigit.c
		_isdigit       		CODE           	2438	0000	31

C:\Program Files (x86)\Microchip\xc8\v1.45\sources\common\isdigit.c estimated size: 31

C:\Program Files (x86)\Microchip\xc8\v1.45\sources\common\lwmod.c
		___lwmod       		CODE           	20E4	0000	67

C:\Program Files (x86)\Microchip\xc8\v1.45\sources\common\lwmod.c estimated size: 67

ourProject.c
		_adc_average_raw		CODE           	1BC6	0000	143
		_timer1_read_us		CODE           	248A	0000	23
		_timer1_timeout		CODE           	23FA	0000	33
		_radar_next_angle		CODE           	2220	0000	55
		_execute_part2_radar		CODE           	176C	0000	393
		_hcsr04_read_filtered		CODE           	1598	0000	469
		_sort_samples  		CODE           	1B20	0000	167
		_main          		CODE           	108E	0000	793
		_buzzer_beep   		CODE           	2318	0000	45
		_delay_us_var  		CODE           	1EB4	0000	87
		_timer1_start_us		CODE           	24A0	0000	21
		_servo_stop    		CODE           	24D4	0000	13
		_initPorts     		CODE           	20A0	0000	69
		_servo_angle_to_us		CODE           	1CD6	0000	121
		_servo_start   		CODE           	21A6	0000	63
		_isr           		CODE           	0308	0000	319
		_soundBuzzer   		CODE           	2168	0000	63
		_initTimer1    		CODE           	24B4	0000	17
		_hcsr04_read_once		CODE           	1A2C	0000	245
		_adc_raw_to_mv 		CODE           	1F0A	0000	87
		_lcd_clear_line		CODE           	22BC	0000	47
		_timer1_stop   		CODE           	24EE	0000	7
		_delay_ms_var  		CODE           	2456	0000	29
		_lm35_celsius_x10		CODE           	1DB2	0000	87
		_initServoTimer3		CODE           	21E4	0000	61
		_servo_set_angle		CODE           	228A	0000	51

ourProject.c estimated size: 3508

C:\Program Files (x86)\Microchip\xc8\v1.45\sources\common\Umul32.c
		___lmul        		CODE           	1F60	0000	87

C:\Program Files (x86)\Microchip\xc8\v1.45\sources\common\Umul32.c estimated size: 87

shared
		_ADC           		SMALLCONST     	1001	0000	14
		_dpowers       		SMALLCONST     	100E	0000	11
		__initialization		CODE           	2008	0000	67

shared estimated size: 92

C:\Program Files (x86)\Microchip\xc8\v1.45\sources\common\lwdiv.c
		___lwdiv       		CODE           	1FB6	0000	83

C:\Program Files (x86)\Microchip\xc8\v1.45\sources\common\lwdiv.c estimated size: 83

C:\Program Files (x86)\Microchip\xc8\v1.45\sources\common\lldiv.c
		___lldiv       		CODE           	1C54	0000	131

C:\Program Files (x86)\Microchip\xc8\v1.45\sources\common\lldiv.c estimated size: 131

lcd_x8.c
		_lcd_putc      		CODE           	1E5E	0000	87
		_lcd_puts      		CODE           	1E08	0000	87
		_lcd_send_byte 		CODE           	2058	0000	73
		_lcd_gotoxy    		CODE           	2126	0000	67
		_lcd_send_nibble		CODE           	23D8	0000	35
		_delay_ms      		CODE           	236A	0000	39
		_lcd_init      		CODE           	1D4E	0000	101
		_delay_cycles  		CODE           	22EA	0000	47

lcd_x8.c estimated size: 536

